[0.070s] Invoking command in '/home/franka/Documents/Rhino_Control/dm_gripper_ros2/build/dm_gripper_hardware': AMENT_PREFIX_PATH=/home/franka/Documents/Rhino_Control/dm_gripper_ros2/install/dm_gripper_core:${AMENT_PREFIX_PATH} CMAKE_PREFIX_PATH=/home/franka/Documents/Rhino_Control/dm_gripper_ros2/install/dm_gripper_core:${CMAKE_PREFIX_PATH} CONDA_ENV_SHLVL_2_PIXI_PROMPT=(Rhino_Control) CONDA_ENV_SHLVL_3_PIXI_PROMPT=(Rhino_Control) CONDA_ENV_SHLVL_4_PIXI_PROMPT=(Rhino_Control) DEBUGINFOD_URLS=https://debuginfod.ubuntu.com LD_LIBRARY_PATH=/home/franka/Documents/Rhino_Control/dm_gripper_ros2/install/dm_gripper_core/lib:${LD_LIBRARY_PATH} PIXI_PROMPT=(Rhino_Control) PS1=(Rhino_Control) \[\e]0;\u@\h: \w\a\]${debian_chroot:+($debian_chroot)}\[\033[01;32m\]\u@\h\[\033[00m\]:\[\033[01;34m\]\w\[\033[00m\]\$ /home/franka/Documents/Rhino_Control/.pixi/envs/default/bin/cmake /home/franka/Documents/Rhino_Control/dm_gripper_ros2/dm_gripper_hardware -DCMAKE_INSTALL_PREFIX=/home/franka/Documents/Rhino_Control/dm_gripper_ros2/install/dm_gripper_hardware
[0.114s] -- The C compiler identification is GNU 15.2.0
[0.186s] -- The CXX compiler identification is GNU 15.2.0
[0.193s] -- Detecting C compiler ABI info
[0.250s] -- Detecting C compiler ABI info - done
[0.263s] -- Check for working C compiler: /home/franka/Documents/Rhino_Control/.pixi/envs/default/bin/x86_64-conda-linux-gnu-cc - skipped
[0.263s] -- Detecting C compile features
[0.263s] -- Detecting C compile features - done
[0.272s] -- Detecting CXX compiler ABI info
[0.337s] -- Detecting CXX compiler ABI info - done
[0.358s] -- Check for working CXX compiler: /home/franka/Documents/Rhino_Control/.pixi/envs/default/bin/x86_64-conda-linux-gnu-c++ - skipped
[0.358s] -- Detecting CXX compile features
[0.359s] -- Detecting CXX compile features - done
[0.368s] -- Found ament_cmake: 2.5.5 (/home/franka/Documents/Rhino_Control/.pixi/envs/default/share/ament_cmake/cmake)
[0.465s] -- Found Python3: /home/franka/Documents/Rhino_Control/.pixi/envs/default/bin/python3 (found version "3.12.13") found components: Interpreter
[0.585s] -- Found hardware_interface: 4.43.0 (/home/franka/Documents/Rhino_Control/.pixi/envs/default/share/hardware_interface/cmake)
[0.651s] -- Found rosidl_generator_c: 4.6.7 (/home/franka/Documents/Rhino_Control/.pixi/envs/default/share/rosidl_generator_c/cmake)
[0.673s] -- Found rosidl_generator_cpp: 4.6.7 (/home/franka/Documents/Rhino_Control/.pixi/envs/default/share/rosidl_generator_cpp/cmake)
[0.699s] -- Using all available rosidl_typesupport_c: rosidl_typesupport_fastrtps_c;rosidl_typesupport_introspection_c
[0.727s] -- Using all available rosidl_typesupport_cpp: rosidl_typesupport_fastrtps_cpp;rosidl_typesupport_introspection_cpp
[1.029s] -- Found TinyXML2 via Config file: /home/franka/Documents/Rhino_Control/.pixi/envs/default/lib/cmake/tinyxml2
[1.098s] -- Found rmw_implementation_cmake: 7.3.3 (/home/franka/Documents/Rhino_Control/.pixi/envs/default/share/rmw_implementation_cmake/cmake)
[1.103s] -- Found rmw_fastrtps_cpp: 8.4.3 (/home/franka/Documents/Rhino_Control/.pixi/envs/default/share/rmw_fastrtps_cpp/cmake)
[1.140s] -- Found TinyXML2 via Config file: /home/franka/Documents/Rhino_Control/.pixi/envs/default/lib/cmake/tinyxml2
[1.414s] -- Found OpenSSL: /home/franka/Documents/Rhino_Control/.pixi/envs/default/lib/libcrypto.so (found version "3.6.1")
[1.417s] -- Found TinyXML2 via Config file: /home/franka/Documents/Rhino_Control/.pixi/envs/default/lib/cmake/tinyxml2
[1.447s] -- Found FastRTPS: /home/franka/Documents/Rhino_Control/.pixi/envs/default/include (Required is at least version "2.13")
[1.451s] -- Found TinyXML2 via Config file: /home/franka/Documents/Rhino_Control/.pixi/envs/default/lib/cmake/tinyxml2
[1.470s] -- Found TinyXML2 via Config file: /home/franka/Documents/Rhino_Control/.pixi/envs/default/lib/cmake/tinyxml2
[1.491s] -- Using RMW implementation 'rmw_fastrtps_cpp' as default
[1.741s] [33mCMake Warning (dev) at /home/franka/Documents/Rhino_Control/.pixi/envs/default/share/realtime_tools/cmake/ament_cmake_export_dependencies-extras.cmake:21 (find_package):
[1.741s]   Policy CMP0167 is not set: The FindBoost module is removed.  Run "cmake
[1.741s]   --help-policy CMP0167" for policy details.  Use the cmake_policy command to
[1.741s]   set the policy and suppress this warning.
[1.741s] 
[1.742s] Call Stack (most recent call first):
[1.742s]   /home/franka/Documents/Rhino_Control/.pixi/envs/default/share/realtime_tools/cmake/realtime_toolsConfig.cmake:41 (include)
[1.742s]   /home/franka/Documents/Rhino_Control/.pixi/envs/default/share/hardware_interface/cmake/ament_cmake_export_dependencies-extras.cmake:21 (find_package)
[1.742s]   /home/franka/Documents/Rhino_Control/.pixi/envs/default/share/hardware_interface/cmake/hardware_interfaceConfig.cmake:41 (include)
[1.742s]   CMakeLists.txt:9 (find_package)
[1.742s] This warning is for project developers.  Use -Wno-dev to suppress it.
[1.742s] [0m
[1.828s] -- Found dm_motor_driver: 0.1.0 (/home/franka/Documents/Rhino_Control/dm_gripper_ros2/install/dm_motor_driver/share/dm_motor_driver/cmake)
[1.831s] -- Found dm_gripper_core: 0.1.0 (/home/franka/Documents/Rhino_Control/dm_gripper_ros2/install/dm_gripper_core/share/dm_gripper_core/cmake)
[1.838s] -- Found ament_cmake_gtest: 2.5.5 (/home/franka/Documents/Rhino_Control/.pixi/envs/default/share/ament_cmake_gtest/cmake)
[1.844s] -- Found gtest sources under '/home/franka/Documents/Rhino_Control/.pixi/envs/default/src/gtest_vendor': C++ tests using 'Google Test' will be built
[1.845s] [0mCMake Deprecation Warning at /home/franka/Documents/Rhino_Control/.pixi/envs/default/src/gtest_vendor/CMakeLists.txt:2 (cmake_minimum_required):
[1.846s]   Compatibility with CMake < 3.10 will be removed from a future version of
[1.846s]   CMake.
[1.846s] 
[1.846s]   Update the VERSION argument <min> value.  Or, use the <min>...<max> syntax
[1.846s]   to tell CMake that the project requires at least <min> but has been updated
[1.846s]   to work with policies introduced by <max> or earlier.
[1.846s] 
[1.846s] [0m
[1.846s] -- Check if compiler accepts -pthread
[1.909s] -- Check if compiler accepts -pthread - yes
[1.909s] -- Found Threads: TRUE
[1.985s] -- Configuring done (1.9s)
[2.028s] -- Generating done (0.0s)
[2.028s] -- Build files have been written to: /home/franka/Documents/Rhino_Control/dm_gripper_ros2/build/dm_gripper_hardware
[2.039s] Invoked command in '/home/franka/Documents/Rhino_Control/dm_gripper_ros2/build/dm_gripper_hardware' returned '0': AMENT_PREFIX_PATH=/home/franka/Documents/Rhino_Control/dm_gripper_ros2/install/dm_gripper_core:${AMENT_PREFIX_PATH} CMAKE_PREFIX_PATH=/home/franka/Documents/Rhino_Control/dm_gripper_ros2/install/dm_gripper_core:${CMAKE_PREFIX_PATH} CONDA_ENV_SHLVL_2_PIXI_PROMPT=(Rhino_Control) CONDA_ENV_SHLVL_3_PIXI_PROMPT=(Rhino_Control) CONDA_ENV_SHLVL_4_PIXI_PROMPT=(Rhino_Control) DEBUGINFOD_URLS=https://debuginfod.ubuntu.com LD_LIBRARY_PATH=/home/franka/Documents/Rhino_Control/dm_gripper_ros2/install/dm_gripper_core/lib:${LD_LIBRARY_PATH} PIXI_PROMPT=(Rhino_Control) PS1=(Rhino_Control) \[\e]0;\u@\h: \w\a\]${debian_chroot:+($debian_chroot)}\[\033[01;32m\]\u@\h\[\033[00m\]:\[\033[01;34m\]\w\[\033[00m\]\$ /home/franka/Documents/Rhino_Control/.pixi/envs/default/bin/cmake /home/franka/Documents/Rhino_Control/dm_gripper_ros2/dm_gripper_hardware -DCMAKE_INSTALL_PREFIX=/home/franka/Documents/Rhino_Control/dm_gripper_ros2/install/dm_gripper_hardware
[2.040s] Invoking command in '/home/franka/Documents/Rhino_Control/dm_gripper_ros2/build/dm_gripper_hardware': AMENT_PREFIX_PATH=/home/franka/Documents/Rhino_Control/dm_gripper_ros2/install/dm_gripper_core:${AMENT_PREFIX_PATH} CMAKE_PREFIX_PATH=/home/franka/Documents/Rhino_Control/dm_gripper_ros2/install/dm_gripper_core:${CMAKE_PREFIX_PATH} CONDA_ENV_SHLVL_2_PIXI_PROMPT=(Rhino_Control) CONDA_ENV_SHLVL_3_PIXI_PROMPT=(Rhino_Control) CONDA_ENV_SHLVL_4_PIXI_PROMPT=(Rhino_Control) DEBUGINFOD_URLS=https://debuginfod.ubuntu.com LD_LIBRARY_PATH=/home/franka/Documents/Rhino_Control/dm_gripper_ros2/install/dm_gripper_core/lib:${LD_LIBRARY_PATH} PIXI_PROMPT=(Rhino_Control) PS1=(Rhino_Control) \[\e]0;\u@\h: \w\a\]${debian_chroot:+($debian_chroot)}\[\033[01;32m\]\u@\h\[\033[00m\]:\[\033[01;34m\]\w\[\033[00m\]\$ /home/franka/Documents/Rhino_Control/.pixi/envs/default/bin/cmake --build /home/franka/Documents/Rhino_Control/dm_gripper_ros2/build/dm_gripper_hardware -- -j17 -l17
[2.080s] [ 37%] [32mBuilding CXX object CMakeFiles/dm_gripper_hardware.dir/src/dm_gripper_system.cpp.o[0m
[2.080s] [ 37%] [32mBuilding CXX object gtest/CMakeFiles/gtest.dir/src/gtest-all.cc.o[0m
[2.080s] [ 37%] [32mBuilding CXX object gtest/CMakeFiles/gtest_main.dir/src/gtest_main.cc.o[0m
[2.094s] [ 50%] [1m[32mLinking CXX shared library libdm_gripper_hardware.so[0m
[2.167s] [ 50%] Built target dm_gripper_hardware
[2.827s] [ 62%] [1m[32mLinking CXX static library libgtest_main.a[0m
[2.844s] [ 62%] Built target gtest_main
[9.841s] [ 75%] [1m[32mLinking CXX static library libgtest.a[0m
[9.866s] [ 75%] Built target gtest
[9.877s] [ 87%] [32mBuilding CXX object CMakeFiles/test_hardware_interface.dir/test/test_hardware_interface.cpp.o[0m
[10.779s] [100%] [1m[32mLinking CXX executable test_hardware_interface[0m
[10.917s] [100%] Built target test_hardware_interface
