-- The C compiler identification is GNU 15.2.0
-- The CXX compiler identification is GNU 15.2.0
-- Detecting C compiler ABI info
-- Detecting C compiler ABI info - done
-- Check for working C compiler: /home/franka/Documents/Rhino_Control/.pixi/envs/default/bin/x86_64-conda-linux-gnu-cc - skipped
-- Detecting C compile features
-- Detecting C compile features - done
-- Detecting CXX compiler ABI info
-- Detecting CXX compiler ABI info - done
-- Check for working CXX compiler: /home/franka/Documents/Rhino_Control/.pixi/envs/default/bin/x86_64-conda-linux-gnu-c++ - skipped
-- Detecting CXX compile features
-- Detecting CXX compile features - done
-- Found ament_cmake: 2.5.5 (/home/franka/Documents/Rhino_Control/.pixi/envs/default/share/ament_cmake/cmake)
-- Found Python3: /home/franka/Documents/Rhino_Control/.pixi/envs/default/bin/python3 (found version "3.12.13") found components: Interpreter
-- Found rclcpp: 28.1.16 (/home/franka/Documents/Rhino_Control/.pixi/envs/default/share/rclcpp/cmake)
-- Found rosidl_generator_c: 4.6.7 (/home/franka/Documents/Rhino_Control/.pixi/envs/default/share/rosidl_generator_c/cmake)
-- Found rosidl_generator_cpp: 4.6.7 (/home/franka/Documents/Rhino_Control/.pixi/envs/default/share/rosidl_generator_cpp/cmake)
-- Using all available rosidl_typesupport_c: rosidl_typesupport_fastrtps_c;rosidl_typesupport_introspection_c
-- Using all available rosidl_typesupport_cpp: rosidl_typesupport_fastrtps_cpp;rosidl_typesupport_introspection_cpp
-- Found rmw_implementation_cmake: 7.3.3 (/home/franka/Documents/Rhino_Control/.pixi/envs/default/share/rmw_implementation_cmake/cmake)
-- Found rmw_fastrtps_cpp: 8.4.3 (/home/franka/Documents/Rhino_Control/.pixi/envs/default/share/rmw_fastrtps_cpp/cmake)
-- Found OpenSSL: /home/franka/Documents/Rhino_Control/.pixi/envs/default/lib/libcrypto.so (found version "3.6.1")
-- Found FastRTPS: /home/franka/Documents/Rhino_Control/.pixi/envs/default/include (Required is at least version "2.13")
-- Using RMW implementation 'rmw_fastrtps_cpp' as default
-- Found rclcpp_action: 28.1.16 (/home/franka/Documents/Rhino_Control/.pixi/envs/default/share/rclcpp_action/cmake)
-- Found control_msgs: 5.8.0 (/home/franka/Documents/Rhino_Control/.pixi/envs/default/share/control_msgs/cmake)
-- Found dm_gripper_core: 0.1.0 (/home/franka/Documents/Rhino_Control/dm_gripper_ros2/install/dm_gripper_core/share/dm_gripper_core/cmake)
-- Found ament_cmake_gtest: 2.5.5 (/home/franka/Documents/Rhino_Control/.pixi/envs/default/share/ament_cmake_gtest/cmake)
-- Found gtest sources under '/home/franka/Documents/Rhino_Control/.pixi/envs/default/src/gtest_vendor': C++ tests using 'Google Test' will be built
[0mCMake Deprecation Warning at /home/franka/Documents/Rhino_Control/.pixi/envs/default/src/gtest_vendor/CMakeLists.txt:2 (cmake_minimum_required):
  Compatibility with CMake < 3.10 will be removed from a future version of
  CMake.

  Update the VERSION argument <min> value.  Or, use the <min>...<max> syntax
  to tell CMake that the project requires at least <min> but has been updated
  to work with policies introduced by <max> or earlier.

[0m
-- Performing Test CMAKE_HAVE_LIBC_PTHREAD
-- Performing Test CMAKE_HAVE_LIBC_PTHREAD - Failed
-- Check if compiler accepts -pthread
-- Check if compiler accepts -pthread - yes
-- Found Threads: TRUE
-- Configuring done (1.7s)
-- Generating done (0.0s)
-- Build files have been written to: /home/franka/Documents/Rhino_Control/dm_gripper_ros2/build/dm_gripper_action_server
[ 12%] [32mBuilding CXX object gtest/CMakeFiles/gtest_main.dir/src/gtest_main.cc.o[0m
[ 37%] [32mBuilding CXX object gtest/CMakeFiles/gtest.dir/src/gtest-all.cc.o[0m
[ 37%] [32mBuilding CXX object CMakeFiles/gripper_action_server.dir/src/gripper_action_server.cpp.o[0m
[ 50%] [1m[32mLinking CXX executable gripper_action_server[0m
/home/franka/Documents/Rhino_Control/.pixi/envs/default/bin/../libexec/gcc/x86_64-conda-linux-gnu/15.2.0/ld: /home/franka/Documents/Rhino_Control/.pixi/envs/default/bin/../x86_64-conda-linux-gnu/sysroot/usr/lib/../lib/Scrt1.o: in function `_start':
(.text+0x24): undefined reference to `main'
collect2: error: ld returned 1 exit status
gmake[2]: *** [CMakeFiles/gripper_action_server.dir/build.make:222: gripper_action_server] Error 1
gmake[1]: *** [CMakeFiles/Makefile2:179: CMakeFiles/gripper_action_server.dir/all] Error 2
gmake[1]: *** Waiting for unfinished jobs....
[ 62%] [1m[32mLinking CXX static library libgtest_main.a[0m
[ 62%] Built target gtest_main
[ 75%] [1m[32mLinking CXX static library libgtest.a[0m
[ 75%] Built target gtest
gmake: *** [Makefile:146: all] Error 2
