[0.017s] Invoking command in '/home/franka/Documents/Rhino_Control/dm_gripper_ros2/dm_motor_driver/build/dm_motor_driver': DEBUGINFOD_URLS=https://debuginfod.ubuntu.com PIXI_PROMPT=(Rhino_Control) PS1=(Rhino_Control) \[\e]0;\u@\h: \w\a\]${debian_chroot:+($debian_chroot)}\[\033[01;32m\]\u@\h\[\033[00m\]:\[\033[01;34m\]\w\[\033[00m\]\$ /home/franka/Documents/Rhino_Control/.pixi/envs/default/bin/cmake /home/franka/Documents/Rhino_Control/dm_gripper_ros2/dm_motor_driver -DCMAKE_INSTALL_PREFIX=/home/franka/Documents/Rhino_Control/dm_gripper_ros2/dm_motor_driver/install/dm_motor_driver
[0.033s] [31mCMake Error at CMakeLists.txt:8 (find_package):
[0.033s]   By not providing "Findament_cmake.cmake" in CMAKE_MODULE_PATH this project
[0.033s]   has asked CMake to find a package configuration file provided by
[0.033s]   "ament_cmake", but CMake did not find one.
[0.033s] 
[0.033s]   Could not find a package configuration file provided by "ament_cmake" with
[0.033s]   any of the following names:
[0.033s] 
[0.033s]     ament_cmake.cps
[0.033s]     ament_cmakeConfig.cmake
[0.033s]     ament_cmake-config.cmake
[0.033s] 
[0.033s]   Add the installation prefix of "ament_cmake" to CMAKE_PREFIX_PATH or set
[0.033s]   "ament_cmake_DIR" to a directory containing one of the above files.  If
[0.033s]   "ament_cmake" provides a separate development package or SDK, be sure it
[0.033s]   has been installed.
[0.034s] 
[0.034s] [0m
[0.034s] -- Configuring incomplete, errors occurred!
[0.034s] Invoked command in '/home/franka/Documents/Rhino_Control/dm_gripper_ros2/dm_motor_driver/build/dm_motor_driver' returned '1': DEBUGINFOD_URLS=https://debuginfod.ubuntu.com PIXI_PROMPT=(Rhino_Control) PS1=(Rhino_Control) \[\e]0;\u@\h: \w\a\]${debian_chroot:+($debian_chroot)}\[\033[01;32m\]\u@\h\[\033[00m\]:\[\033[01;34m\]\w\[\033[00m\]\$ /home/franka/Documents/Rhino_Control/.pixi/envs/default/bin/cmake /home/franka/Documents/Rhino_Control/dm_gripper_ros2/dm_motor_driver -DCMAKE_INSTALL_PREFIX=/home/franka/Documents/Rhino_Control/dm_gripper_ros2/dm_motor_driver/install/dm_motor_driver
