[0.070s] Invoking command in '/home/franka/Documents/Rhino_Control/dm_gripper_ros2/build/dm_gripper_core': CONDA_ENV_SHLVL_2_PIXI_PROMPT=(Rhino_Control) CONDA_ENV_SHLVL_3_PIXI_PROMPT=(Rhino_Control) CONDA_ENV_SHLVL_4_PIXI_PROMPT=(Rhino_Control) DEBUGINFOD_URLS=https://debuginfod.ubuntu.com PIXI_PROMPT=(Rhino_Control) PS1=(Rhino_Control) \[\e]0;\u@\h: \w\a\]${debian_chroot:+($debian_chroot)}\[\033[01;32m\]\u@\h\[\033[00m\]:\[\033[01;34m\]\w\[\033[00m\]\$ /home/franka/Documents/Rhino_Control/.pixi/envs/default/bin/cmake --build /home/franka/Documents/Rhino_Control/dm_gripper_ros2/build/dm_gripper_core -- -j17 -l17
[0.097s] [ 33%] Built target dm_gripper_core
[0.099s] [ 44%] Built target gtest_main
[0.100s] [ 55%] Built target gtest
[0.118s] [ 88%] Built target test_state_machine
[0.118s] [ 94%] Built target test_contact_detector
[0.119s] [100%] Built target test_kinematics
[0.119s] [100%] Built target test_controllers
[0.126s] Invoked command in '/home/franka/Documents/Rhino_Control/dm_gripper_ros2/build/dm_gripper_core' returned '0': CONDA_ENV_SHLVL_2_PIXI_PROMPT=(Rhino_Control) CONDA_ENV_SHLVL_3_PIXI_PROMPT=(Rhino_Control) CONDA_ENV_SHLVL_4_PIXI_PROMPT=(Rhino_Control) DEBUGINFOD_URLS=https://debuginfod.ubuntu.com PIXI_PROMPT=(Rhino_Control) PS1=(Rhino_Control) \[\e]0;\u@\h: \w\a\]${debian_chroot:+($debian_chroot)}\[\033[01;32m\]\u@\h\[\033[00m\]:\[\033[01;34m\]\w\[\033[00m\]\$ /home/franka/Documents/Rhino_Control/.pixi/envs/default/bin/cmake --build /home/franka/Documents/Rhino_Control/dm_gripper_ros2/build/dm_gripper_core -- -j17 -l17
[0.155s] Invoking command in '/home/franka/Documents/Rhino_Control/dm_gripper_ros2/build/dm_gripper_core': CONDA_ENV_SHLVL_2_PIXI_PROMPT=(Rhino_Control) CONDA_ENV_SHLVL_3_PIXI_PROMPT=(Rhino_Control) CONDA_ENV_SHLVL_4_PIXI_PROMPT=(Rhino_Control) DEBUGINFOD_URLS=https://debuginfod.ubuntu.com PIXI_PROMPT=(Rhino_Control) PS1=(Rhino_Control) \[\e]0;\u@\h: \w\a\]${debian_chroot:+($debian_chroot)}\[\033[01;32m\]\u@\h\[\033[00m\]:\[\033[01;34m\]\w\[\033[00m\]\$ /home/franka/Documents/Rhino_Control/.pixi/envs/default/bin/cmake --install /home/franka/Documents/Rhino_Control/dm_gripper_ros2/build/dm_gripper_core
[0.159s] -- Install configuration: ""
[0.159s] -- Up-to-date: /home/franka/Documents/Rhino_Control/dm_gripper_ros2/install/dm_gripper_core/share/dm_gripper_core/environment/library_path.sh
[0.159s] -- Up-to-date: /home/franka/Documents/Rhino_Control/dm_gripper_ros2/install/dm_gripper_core/share/dm_gripper_core/environment/library_path.dsv
[0.159s] -- Up-to-date: /home/franka/Documents/Rhino_Control/dm_gripper_ros2/install/dm_gripper_core/include
[0.159s] -- Up-to-date: /home/franka/Documents/Rhino_Control/dm_gripper_ros2/install/dm_gripper_core/include/dm_gripper_core
[0.159s] -- Up-to-date: /home/franka/Documents/Rhino_Control/dm_gripper_ros2/install/dm_gripper_core/include/dm_gripper_core/gripper_kinematics.hpp
[0.159s] -- Up-to-date: /home/franka/Documents/Rhino_Control/dm_gripper_ros2/install/dm_gripper_core/include/dm_gripper_core/gripper_state_machine.hpp
[0.159s] -- Up-to-date: /home/franka/Documents/Rhino_Control/dm_gripper_ros2/install/dm_gripper_core/include/dm_gripper_core/contact_detector.hpp
[0.159s] -- Up-to-date: /home/franka/Documents/Rhino_Control/dm_gripper_ros2/install/dm_gripper_core/include/dm_gripper_core/force_position_controller.hpp
[0.159s] -- Up-to-date: /home/franka/Documents/Rhino_Control/dm_gripper_ros2/install/dm_gripper_core/include/dm_gripper_core/impedance_controller.hpp
[0.159s] -- Installing: /home/franka/Documents/Rhino_Control/dm_gripper_ros2/install/dm_gripper_core/lib/libdm_gripper_core.so
[0.159s] -- Set non-toolchain portion of runtime path of "/home/franka/Documents/Rhino_Control/dm_gripper_ros2/install/dm_gripper_core/lib/libdm_gripper_core.so" to ""
[0.159s] -- Up-to-date: /home/franka/Documents/Rhino_Control/dm_gripper_ros2/install/dm_gripper_core/share/ament_index/resource_index/package_run_dependencies/dm_gripper_core
[0.160s] -- Up-to-date: /home/franka/Documents/Rhino_Control/dm_gripper_ros2/install/dm_gripper_core/share/ament_index/resource_index/parent_prefix_path/dm_gripper_core
[0.160s] -- Up-to-date: /home/franka/Documents/Rhino_Control/dm_gripper_ros2/install/dm_gripper_core/share/dm_gripper_core/environment/ament_prefix_path.sh
[0.160s] -- Up-to-date: /home/franka/Documents/Rhino_Control/dm_gripper_ros2/install/dm_gripper_core/share/dm_gripper_core/environment/ament_prefix_path.dsv
[0.160s] -- Up-to-date: /home/franka/Documents/Rhino_Control/dm_gripper_ros2/install/dm_gripper_core/share/dm_gripper_core/environment/path.sh
[0.160s] -- Up-to-date: /home/franka/Documents/Rhino_Control/dm_gripper_ros2/install/dm_gripper_core/share/dm_gripper_core/environment/path.dsv
[0.160s] -- Up-to-date: /home/franka/Documents/Rhino_Control/dm_gripper_ros2/install/dm_gripper_core/share/dm_gripper_core/local_setup.bash
[0.160s] -- Up-to-date: /home/franka/Documents/Rhino_Control/dm_gripper_ros2/install/dm_gripper_core/share/dm_gripper_core/local_setup.sh
[0.160s] -- Up-to-date: /home/franka/Documents/Rhino_Control/dm_gripper_ros2/install/dm_gripper_core/share/dm_gripper_core/local_setup.zsh
[0.160s] -- Up-to-date: /home/franka/Documents/Rhino_Control/dm_gripper_ros2/install/dm_gripper_core/share/dm_gripper_core/local_setup.dsv
[0.160s] -- Installing: /home/franka/Documents/Rhino_Control/dm_gripper_ros2/install/dm_gripper_core/share/dm_gripper_core/package.dsv
[0.160s] -- Up-to-date: /home/franka/Documents/Rhino_Control/dm_gripper_ros2/install/dm_gripper_core/share/ament_index/resource_index/packages/dm_gripper_core
[0.160s] -- Up-to-date: /home/franka/Documents/Rhino_Control/dm_gripper_ros2/install/dm_gripper_core/share/dm_gripper_core/cmake/dm_gripper_coreTargetsExport.cmake
[0.160s] -- Up-to-date: /home/franka/Documents/Rhino_Control/dm_gripper_ros2/install/dm_gripper_core/share/dm_gripper_core/cmake/dm_gripper_coreTargetsExport-noconfig.cmake
[0.160s] -- Up-to-date: /home/franka/Documents/Rhino_Control/dm_gripper_ros2/install/dm_gripper_core/share/dm_gripper_core/cmake/ament_cmake_export_targets-extras.cmake
[0.161s] -- Up-to-date: /home/franka/Documents/Rhino_Control/dm_gripper_ros2/install/dm_gripper_core/share/dm_gripper_core/cmake/ament_cmake_export_include_directories-extras.cmake
[0.161s] -- Up-to-date: /home/franka/Documents/Rhino_Control/dm_gripper_ros2/install/dm_gripper_core/share/dm_gripper_core/cmake/ament_cmake_export_libraries-extras.cmake
[0.161s] -- Up-to-date: /home/franka/Documents/Rhino_Control/dm_gripper_ros2/install/dm_gripper_core/share/dm_gripper_core/cmake/ament_cmake_export_dependencies-extras.cmake
[0.161s] -- Up-to-date: /home/franka/Documents/Rhino_Control/dm_gripper_ros2/install/dm_gripper_core/share/dm_gripper_core/cmake/dm_gripper_coreConfig.cmake
[0.162s] -- Up-to-date: /home/franka/Documents/Rhino_Control/dm_gripper_ros2/install/dm_gripper_core/share/dm_gripper_core/cmake/dm_gripper_coreConfig-version.cmake
[0.162s] -- Up-to-date: /home/franka/Documents/Rhino_Control/dm_gripper_ros2/install/dm_gripper_core/share/dm_gripper_core/package.xml
[0.162s] Invoked command in '/home/franka/Documents/Rhino_Control/dm_gripper_ros2/build/dm_gripper_core' returned '0': CONDA_ENV_SHLVL_2_PIXI_PROMPT=(Rhino_Control) CONDA_ENV_SHLVL_3_PIXI_PROMPT=(Rhino_Control) CONDA_ENV_SHLVL_4_PIXI_PROMPT=(Rhino_Control) DEBUGINFOD_URLS=https://debuginfod.ubuntu.com PIXI_PROMPT=(Rhino_Control) PS1=(Rhino_Control) \[\e]0;\u@\h: \w\a\]${debian_chroot:+($debian_chroot)}\[\033[01;32m\]\u@\h\[\033[00m\]:\[\033[01;34m\]\w\[\033[00m\]\$ /home/franka/Documents/Rhino_Control/.pixi/envs/default/bin/cmake --install /home/franka/Documents/Rhino_Control/dm_gripper_ros2/build/dm_gripper_core
