-- The C compiler identification is GNU 15.2.0
-- The CXX compiler identification is GNU 15.2.0
-- Detecting C compiler ABI info
-- Detecting C compiler ABI info - done
-- Check for working C compiler: /home/franka/Documents/Rhino_Control/.pixi/envs/default/bin/x86_64-conda-linux-gnu-cc - skipped
-- Detecting C compile features
-- Detecting C compile features - done
-- Detecting CXX compiler ABI info
-- Detecting CXX compiler ABI info - done
-- Check for working CXX compiler: /home/franka/Documents/Rhino_Control/.pixi/envs/default/bin/x86_64-conda-linux-gnu-c++ - skipped
-- Detecting CXX compile features
-- Detecting CXX compile features - done
-- Found ament_cmake: 2.5.5 (/home/franka/Documents/Rhino_Control/.pixi/envs/default/share/ament_cmake/cmake)
-- Found Python3: /home/franka/Documents/Rhino_Control/.pixi/envs/default/bin/python3 (found version "3.12.13") found components: Interpreter
-- Found ament_cmake_gtest: 2.5.5 (/home/franka/Documents/Rhino_Control/.pixi/envs/default/share/ament_cmake_gtest/cmake)
-- Found gtest sources under '/home/franka/Documents/Rhino_Control/.pixi/envs/default/src/gtest_vendor': C++ tests using 'Google Test' will be built
[0mCMake Deprecation Warning at /home/franka/Documents/Rhino_Control/.pixi/envs/default/src/gtest_vendor/CMakeLists.txt:2 (cmake_minimum_required):
  Compatibility with CMake < 3.10 will be removed from a future version of
  CMake.

  Update the VERSION argument <min> value.  Or, use the <min>...<max> syntax
  to tell CMake that the project requires at least <min> but has been updated
  to work with policies introduced by <max> or earlier.

[0m
-- Performing Test CMAKE_HAVE_LIBC_PTHREAD
-- Performing Test CMAKE_HAVE_LIBC_PTHREAD - Failed
-- Check if compiler accepts -pthread
-- Check if compiler accepts -pthread - yes
-- Found Threads: TRUE
-- Configuring done (0.7s)
-- Generating done (0.0s)
-- Build files have been written to: /home/franka/Documents/Rhino_Control/dm_gripper_ros2/build/dm_motor_driver
[ 12%] [32mBuilding CXX object CMakeFiles/dm_motor_driver.dir/src/dm_protocol.cpp.o[0m
[ 12%] [32mBuilding CXX object gtest/CMakeFiles/gtest.dir/src/gtest-all.cc.o[0m
[ 18%] [32mBuilding CXX object CMakeFiles/dm_motor_driver.dir/src/socketcan.cpp.o[0m
[ 25%] [32mBuilding CXX object gtest/CMakeFiles/gtest_main.dir/src/gtest_main.cc.o[0m
[ 31%] [32mBuilding CXX object CMakeFiles/dm_motor_driver.dir/src/dm_motor.cpp.o[0m
[ 37%] [1m[32mLinking CXX shared library libdm_motor_driver.so[0m
[ 37%] Built target dm_motor_driver
[ 43%] [32mBuilding CXX object CMakeFiles/smoke_test.dir/tools/smoke_test.cpp.o[0m
[ 50%] [32mBuilding CXX object CMakeFiles/tau_logger.dir/tools/tau_logger.cpp.o[0m
[ 56%] [1m[32mLinking CXX static library libgtest_main.a[0m
[ 56%] Built target gtest_main
[ 62%] [1m[32mLinking CXX executable smoke_test[0m
[ 62%] Built target smoke_test
[ 68%] [1m[32mLinking CXX executable tau_logger[0m
[ 68%] Built target tau_logger
[ 75%] [1m[32mLinking CXX static library libgtest.a[0m
[ 75%] Built target gtest
[ 87%] [32mBuilding CXX object CMakeFiles/test_protocol.dir/test/test_protocol.cpp.o[0m
[ 87%] [32mBuilding CXX object CMakeFiles/test_socketcan_mock.dir/test/test_socketcan_mock.cpp.o[0m
[ 93%] [1m[32mLinking CXX executable test_socketcan_mock[0m
[ 93%] Built target test_socketcan_mock
[100%] [1m[32mLinking CXX executable test_protocol[0m
[100%] Built target test_protocol
-- Install configuration: ""
-- Up-to-date: /home/franka/Documents/Rhino_Control/dm_gripper_ros2/install/dm_motor_driver/share/dm_motor_driver/environment/library_path.sh
-- Installing: /home/franka/Documents/Rhino_Control/dm_gripper_ros2/install/dm_motor_driver/share/dm_motor_driver/environment/library_path.dsv
-- Up-to-date: /home/franka/Documents/Rhino_Control/dm_gripper_ros2/install/dm_motor_driver/include
-- Up-to-date: /home/franka/Documents/Rhino_Control/dm_gripper_ros2/install/dm_motor_driver/include/dm_motor_driver
-- Up-to-date: /home/franka/Documents/Rhino_Control/dm_gripper_ros2/install/dm_motor_driver/include/dm_motor_driver/dm_motor.hpp
-- Up-to-date: /home/franka/Documents/Rhino_Control/dm_gripper_ros2/install/dm_motor_driver/include/dm_motor_driver/socketcan.hpp
-- Up-to-date: /home/franka/Documents/Rhino_Control/dm_gripper_ros2/install/dm_motor_driver/include/dm_motor_driver/dm_protocol.hpp
-- Installing: /home/franka/Documents/Rhino_Control/dm_gripper_ros2/install/dm_motor_driver/lib/libdm_motor_driver.so
-- Installing: /home/franka/Documents/Rhino_Control/dm_gripper_ros2/install/dm_motor_driver/lib/dm_motor_driver/tau_logger
-- Set non-toolchain portion of runtime path of "/home/franka/Documents/Rhino_Control/dm_gripper_ros2/install/dm_motor_driver/lib/dm_motor_driver/tau_logger" to ""
-- Installing: /home/franka/Documents/Rhino_Control/dm_gripper_ros2/install/dm_motor_driver/lib/dm_motor_driver/smoke_test
-- Set non-toolchain portion of runtime path of "/home/franka/Documents/Rhino_Control/dm_gripper_ros2/install/dm_motor_driver/lib/dm_motor_driver/smoke_test" to ""
-- Installing: /home/franka/Documents/Rhino_Control/dm_gripper_ros2/install/dm_motor_driver/share/ament_index/resource_index/package_run_dependencies/dm_motor_driver
-- Installing: /home/franka/Documents/Rhino_Control/dm_gripper_ros2/install/dm_motor_driver/share/ament_index/resource_index/parent_prefix_path/dm_motor_driver
-- Up-to-date: /home/franka/Documents/Rhino_Control/dm_gripper_ros2/install/dm_motor_driver/share/dm_motor_driver/environment/ament_prefix_path.sh
-- Installing: /home/franka/Documents/Rhino_Control/dm_gripper_ros2/install/dm_motor_driver/share/dm_motor_driver/environment/ament_prefix_path.dsv
-- Up-to-date: /home/franka/Documents/Rhino_Control/dm_gripper_ros2/install/dm_motor_driver/share/dm_motor_driver/environment/path.sh
-- Installing: /home/franka/Documents/Rhino_Control/dm_gripper_ros2/install/dm_motor_driver/share/dm_motor_driver/environment/path.dsv
-- Installing: /home/franka/Documents/Rhino_Control/dm_gripper_ros2/install/dm_motor_driver/share/dm_motor_driver/local_setup.bash
-- Installing: /home/franka/Documents/Rhino_Control/dm_gripper_ros2/install/dm_motor_driver/share/dm_motor_driver/local_setup.sh
-- Installing: /home/franka/Documents/Rhino_Control/dm_gripper_ros2/install/dm_motor_driver/share/dm_motor_driver/local_setup.zsh
-- Installing: /home/franka/Documents/Rhino_Control/dm_gripper_ros2/install/dm_motor_driver/share/dm_motor_driver/local_setup.dsv
-- Installing: /home/franka/Documents/Rhino_Control/dm_gripper_ros2/install/dm_motor_driver/share/dm_motor_driver/package.dsv
-- Installing: /home/franka/Documents/Rhino_Control/dm_gripper_ros2/install/dm_motor_driver/share/ament_index/resource_index/packages/dm_motor_driver
-- Installing: /home/franka/Documents/Rhino_Control/dm_gripper_ros2/install/dm_motor_driver/share/dm_motor_driver/cmake/dm_motor_driverTargetsExport.cmake
-- Installing: /home/franka/Documents/Rhino_Control/dm_gripper_ros2/install/dm_motor_driver/share/dm_motor_driver/cmake/dm_motor_driverTargetsExport-noconfig.cmake
-- Installing: /home/franka/Documents/Rhino_Control/dm_gripper_ros2/install/dm_motor_driver/share/dm_motor_driver/cmake/ament_cmake_export_targets-extras.cmake
-- Installing: /home/franka/Documents/Rhino_Control/dm_gripper_ros2/install/dm_motor_driver/share/dm_motor_driver/cmake/ament_cmake_export_include_directories-extras.cmake
-- Installing: /home/franka/Documents/Rhino_Control/dm_gripper_ros2/install/dm_motor_driver/share/dm_motor_driver/cmake/ament_cmake_export_libraries-extras.cmake
-- Installing: /home/franka/Documents/Rhino_Control/dm_gripper_ros2/install/dm_motor_driver/share/dm_motor_driver/cmake/dm_motor_driverConfig.cmake
-- Installing: /home/franka/Documents/Rhino_Control/dm_gripper_ros2/install/dm_motor_driver/share/dm_motor_driver/cmake/dm_motor_driverConfig-version.cmake
-- Up-to-date: /home/franka/Documents/Rhino_Control/dm_gripper_ros2/install/dm_motor_driver/share/dm_motor_driver/package.xml
