[0.075s] Invoking command in '/home/franka/Documents/Rhino_Control/dm_gripper_ros2/build/dm_gripper_core': CMAKE_PREFIX_PATH=/home/franka/Documents/Rhino_Control/dm_gripper_ros2/install/dm_motor_driver:/home/franka/Documents/Rhino_Control/dm_gripper_ros2/install/dm_gripper_core:/home/franka/Documents/Rhino_Control/.pixi/envs/default:/home/franka/Documents/Rhino_Control/.pixi/envs/default/x86_64-conda-linux-gnu/sysroot/usr:/home/franka/Documents/Rhino_Control/.pixi/envs/default:/home/franka/Documents/Rhino_Control/.pixi/envs/default/x86_64-conda-linux-gnu/sysroot/usr:/home/franka/Documents/Rhino_Control/.pixi/envs/default:/home/franka/Documents/Rhino_Control/.pixi/envs/default/x86_64-conda-linux-gnu/sysroot/usr CONDA_ENV_SHLVL_2_PIXI_PROMPT=(Rhino_Control) CONDA_ENV_SHLVL_3_PIXI_PROMPT=(Rhino_Control) CONDA_ENV_SHLVL_4_PIXI_PROMPT=(Rhino_Control) DEBUGINFOD_URLS=https://debuginfod.ubuntu.com LD_LIBRARY_PATH=/home/franka/Documents/Rhino_Control/dm_gripper_ros2/install/dm_motor_driver/lib:/home/franka/Documents/Rhino_Control/dm_gripper_ros2/install/dm_gripper_core/lib:/home/franka/Documents/Rhino_Control/.pixi/envs/default/opt/rviz_ogre_vendor/lib:/home/franka/Documents/Rhino_Control/.pixi/envs/default/lib PIXI_PROMPT=(Rhino_Control) PS1=(Rhino_Control) \[\e]0;\u@\h: \w\a\]${debian_chroot:+($debian_chroot)}\[\033[01;32m\]\u@\h\[\033[00m\]:\[\033[01;34m\]\w\[\033[00m\]\$ /home/franka/Documents/Rhino_Control/.pixi/envs/default/bin/cmake --build /home/franka/Documents/Rhino_Control/dm_gripper_ros2/build/dm_gripper_core -- -j17 -l17
[0.109s] [ 20%] Built target gtest_main
[0.109s] [ 20%] Built target gtest
[0.110s] [ 25%] [32mBuilding CXX object CMakeFiles/dm_gripper_core.dir/src/gripper_kinematics.cpp.o[0m
[0.440s] [ 30%] [1m[32mLinking CXX static library libdm_gripper_core.a[0m
[0.462s] [ 50%] Built target dm_gripper_core
[0.484s] [ 60%] [32mBuilding CXX object CMakeFiles/test_gripper_kinematics.dir/test/test_gripper_kinematics.cpp.o[0m
[0.485s] [ 60%] [1m[32mLinking CXX executable test_gripper_state_machine[0m
[0.485s] [ 75%] [1m[32mLinking CXX executable test_impedance_controller[0m
[0.485s] [ 75%] [1m[32mLinking CXX executable test_contact_detector[0m
[0.485s] [ 75%] [1m[32mLinking CXX executable test_force_position_ctrl[0m
[0.591s] [ 80%] Built target test_gripper_state_machine
[0.603s] [ 90%] Built target test_impedance_controller
[0.603s] [ 90%] Built target test_force_position_ctrl
[0.603s] [ 95%] Built target test_contact_detector
[1.852s] [100%] [1m[32mLinking CXX executable test_gripper_kinematics[0m
[1.928s] [100%] Built target test_gripper_kinematics
[1.935s] Invoked command in '/home/franka/Documents/Rhino_Control/dm_gripper_ros2/build/dm_gripper_core' returned '0': CMAKE_PREFIX_PATH=/home/franka/Documents/Rhino_Control/dm_gripper_ros2/install/dm_motor_driver:/home/franka/Documents/Rhino_Control/dm_gripper_ros2/install/dm_gripper_core:/home/franka/Documents/Rhino_Control/.pixi/envs/default:/home/franka/Documents/Rhino_Control/.pixi/envs/default/x86_64-conda-linux-gnu/sysroot/usr:/home/franka/Documents/Rhino_Control/.pixi/envs/default:/home/franka/Documents/Rhino_Control/.pixi/envs/default/x86_64-conda-linux-gnu/sysroot/usr:/home/franka/Documents/Rhino_Control/.pixi/envs/default:/home/franka/Documents/Rhino_Control/.pixi/envs/default/x86_64-conda-linux-gnu/sysroot/usr CONDA_ENV_SHLVL_2_PIXI_PROMPT=(Rhino_Control) CONDA_ENV_SHLVL_3_PIXI_PROMPT=(Rhino_Control) CONDA_ENV_SHLVL_4_PIXI_PROMPT=(Rhino_Control) DEBUGINFOD_URLS=https://debuginfod.ubuntu.com LD_LIBRARY_PATH=/home/franka/Documents/Rhino_Control/dm_gripper_ros2/install/dm_motor_driver/lib:/home/franka/Documents/Rhino_Control/dm_gripper_ros2/install/dm_gripper_core/lib:/home/franka/Documents/Rhino_Control/.pixi/envs/default/opt/rviz_ogre_vendor/lib:/home/franka/Documents/Rhino_Control/.pixi/envs/default/lib PIXI_PROMPT=(Rhino_Control) PS1=(Rhino_Control) \[\e]0;\u@\h: \w\a\]${debian_chroot:+($debian_chroot)}\[\033[01;32m\]\u@\h\[\033[00m\]:\[\033[01;34m\]\w\[\033[00m\]\$ /home/franka/Documents/Rhino_Control/.pixi/envs/default/bin/cmake --build /home/franka/Documents/Rhino_Control/dm_gripper_ros2/build/dm_gripper_core -- -j17 -l17
[1.976s] Invoking command in '/home/franka/Documents/Rhino_Control/dm_gripper_ros2/build/dm_gripper_core': CMAKE_PREFIX_PATH=/home/franka/Documents/Rhino_Control/dm_gripper_ros2/install/dm_motor_driver:/home/franka/Documents/Rhino_Control/dm_gripper_ros2/install/dm_gripper_core:/home/franka/Documents/Rhino_Control/.pixi/envs/default:/home/franka/Documents/Rhino_Control/.pixi/envs/default/x86_64-conda-linux-gnu/sysroot/usr:/home/franka/Documents/Rhino_Control/.pixi/envs/default:/home/franka/Documents/Rhino_Control/.pixi/envs/default/x86_64-conda-linux-gnu/sysroot/usr:/home/franka/Documents/Rhino_Control/.pixi/envs/default:/home/franka/Documents/Rhino_Control/.pixi/envs/default/x86_64-conda-linux-gnu/sysroot/usr CONDA_ENV_SHLVL_2_PIXI_PROMPT=(Rhino_Control) CONDA_ENV_SHLVL_3_PIXI_PROMPT=(Rhino_Control) CONDA_ENV_SHLVL_4_PIXI_PROMPT=(Rhino_Control) DEBUGINFOD_URLS=https://debuginfod.ubuntu.com LD_LIBRARY_PATH=/home/franka/Documents/Rhino_Control/dm_gripper_ros2/install/dm_motor_driver/lib:/home/franka/Documents/Rhino_Control/dm_gripper_ros2/install/dm_gripper_core/lib:/home/franka/Documents/Rhino_Control/.pixi/envs/default/opt/rviz_ogre_vendor/lib:/home/franka/Documents/Rhino_Control/.pixi/envs/default/lib PIXI_PROMPT=(Rhino_Control) PS1=(Rhino_Control) \[\e]0;\u@\h: \w\a\]${debian_chroot:+($debian_chroot)}\[\033[01;32m\]\u@\h\[\033[00m\]:\[\033[01;34m\]\w\[\033[00m\]\$ /home/franka/Documents/Rhino_Control/.pixi/envs/default/bin/cmake --install /home/franka/Documents/Rhino_Control/dm_gripper_ros2/build/dm_gripper_core
[1.981s] -- Install configuration: ""
[1.981s] -- Installing: /home/franka/Documents/Rhino_Control/dm_gripper_ros2/install/dm_gripper_core/lib/libdm_gripper_core.a
[1.981s] -- Up-to-date: /home/franka/Documents/Rhino_Control/dm_gripper_ros2/install/dm_gripper_core/include
[1.981s] -- Up-to-date: /home/franka/Documents/Rhino_Control/dm_gripper_ros2/install/dm_gripper_core/include/dm_gripper_core
[1.981s] -- Installing: /home/franka/Documents/Rhino_Control/dm_gripper_ros2/install/dm_gripper_core/include/dm_gripper_core/gripper_kinematics.hpp
[1.982s] -- Up-to-date: /home/franka/Documents/Rhino_Control/dm_gripper_ros2/install/dm_gripper_core/include/dm_gripper_core/gripper_state_machine.hpp
[1.982s] -- Up-to-date: /home/franka/Documents/Rhino_Control/dm_gripper_ros2/install/dm_gripper_core/include/dm_gripper_core/contact_detector.hpp
[1.982s] -- Up-to-date: /home/franka/Documents/Rhino_Control/dm_gripper_ros2/install/dm_gripper_core/include/dm_gripper_core/force_position_controller.hpp
[1.982s] -- Up-to-date: /home/franka/Documents/Rhino_Control/dm_gripper_ros2/install/dm_gripper_core/include/dm_gripper_core/impedance_controller.hpp
[1.982s] -- Up-to-date: /home/franka/Documents/Rhino_Control/dm_gripper_ros2/install/dm_gripper_core/share/ament_index/resource_index/package_run_dependencies/dm_gripper_core
[1.982s] -- Up-to-date: /home/franka/Documents/Rhino_Control/dm_gripper_ros2/install/dm_gripper_core/share/ament_index/resource_index/parent_prefix_path/dm_gripper_core
[1.982s] -- Up-to-date: /home/franka/Documents/Rhino_Control/dm_gripper_ros2/install/dm_gripper_core/share/dm_gripper_core/environment/ament_prefix_path.sh
[1.982s] -- Up-to-date: /home/franka/Documents/Rhino_Control/dm_gripper_ros2/install/dm_gripper_core/share/dm_gripper_core/environment/ament_prefix_path.dsv
[1.982s] -- Up-to-date: /home/franka/Documents/Rhino_Control/dm_gripper_ros2/install/dm_gripper_core/share/dm_gripper_core/environment/path.sh
[1.982s] -- Up-to-date: /home/franka/Documents/Rhino_Control/dm_gripper_ros2/install/dm_gripper_core/share/dm_gripper_core/environment/path.dsv
[1.982s] -- Up-to-date: /home/franka/Documents/Rhino_Control/dm_gripper_ros2/install/dm_gripper_core/share/dm_gripper_core/local_setup.bash
[1.982s] -- Up-to-date: /home/franka/Documents/Rhino_Control/dm_gripper_ros2/install/dm_gripper_core/share/dm_gripper_core/local_setup.sh
[1.982s] -- Up-to-date: /home/franka/Documents/Rhino_Control/dm_gripper_ros2/install/dm_gripper_core/share/dm_gripper_core/local_setup.zsh
[1.983s] -- Up-to-date: /home/franka/Documents/Rhino_Control/dm_gripper_ros2/install/dm_gripper_core/share/dm_gripper_core/local_setup.dsv
[1.983s] -- Installing: /home/franka/Documents/Rhino_Control/dm_gripper_ros2/install/dm_gripper_core/share/dm_gripper_core/package.dsv
[1.983s] -- Up-to-date: /home/franka/Documents/Rhino_Control/dm_gripper_ros2/install/dm_gripper_core/share/ament_index/resource_index/packages/dm_gripper_core
[1.983s] -- Up-to-date: /home/franka/Documents/Rhino_Control/dm_gripper_ros2/install/dm_gripper_core/share/dm_gripper_core/cmake/dm_gripper_coreConfig.cmake
[1.983s] -- Up-to-date: /home/franka/Documents/Rhino_Control/dm_gripper_ros2/install/dm_gripper_core/share/dm_gripper_core/cmake/dm_gripper_coreConfig-version.cmake
[1.983s] -- Up-to-date: /home/franka/Documents/Rhino_Control/dm_gripper_ros2/install/dm_gripper_core/share/dm_gripper_core/package.xml
[1.984s] Invoked command in '/home/franka/Documents/Rhino_Control/dm_gripper_ros2/build/dm_gripper_core' returned '0': CMAKE_PREFIX_PATH=/home/franka/Documents/Rhino_Control/dm_gripper_ros2/install/dm_motor_driver:/home/franka/Documents/Rhino_Control/dm_gripper_ros2/install/dm_gripper_core:/home/franka/Documents/Rhino_Control/.pixi/envs/default:/home/franka/Documents/Rhino_Control/.pixi/envs/default/x86_64-conda-linux-gnu/sysroot/usr:/home/franka/Documents/Rhino_Control/.pixi/envs/default:/home/franka/Documents/Rhino_Control/.pixi/envs/default/x86_64-conda-linux-gnu/sysroot/usr:/home/franka/Documents/Rhino_Control/.pixi/envs/default:/home/franka/Documents/Rhino_Control/.pixi/envs/default/x86_64-conda-linux-gnu/sysroot/usr CONDA_ENV_SHLVL_2_PIXI_PROMPT=(Rhino_Control) CONDA_ENV_SHLVL_3_PIXI_PROMPT=(Rhino_Control) CONDA_ENV_SHLVL_4_PIXI_PROMPT=(Rhino_Control) DEBUGINFOD_URLS=https://debuginfod.ubuntu.com LD_LIBRARY_PATH=/home/franka/Documents/Rhino_Control/dm_gripper_ros2/install/dm_motor_driver/lib:/home/franka/Documents/Rhino_Control/dm_gripper_ros2/install/dm_gripper_core/lib:/home/franka/Documents/Rhino_Control/.pixi/envs/default/opt/rviz_ogre_vendor/lib:/home/franka/Documents/Rhino_Control/.pixi/envs/default/lib PIXI_PROMPT=(Rhino_Control) PS1=(Rhino_Control) \[\e]0;\u@\h: \w\a\]${debian_chroot:+($debian_chroot)}\[\033[01;32m\]\u@\h\[\033[00m\]:\[\033[01;34m\]\w\[\033[00m\]\$ /home/franka/Documents/Rhino_Control/.pixi/envs/default/bin/cmake --install /home/franka/Documents/Rhino_Control/dm_gripper_ros2/build/dm_gripper_core
