[0.075s] Invoking command in '/home/franka/Documents/Rhino_Control/dm_gripper_ros2/build/dm_motor_driver': CONDA_ENV_SHLVL_2_PIXI_PROMPT=(Rhino_Control) CONDA_ENV_SHLVL_3_PIXI_PROMPT=(Rhino_Control) CONDA_ENV_SHLVL_4_PIXI_PROMPT=(Rhino_Control) DEBUGINFOD_URLS=https://debuginfod.ubuntu.com PIXI_PROMPT=(Rhino_Control) PS1=(Rhino_Control) \[\e]0;\u@\h: \w\a\]${debian_chroot:+($debian_chroot)}\[\033[01;32m\]\u@\h\[\033[00m\]:\[\033[01;34m\]\w\[\033[00m\]\$ /home/franka/Documents/Rhino_Control/.pixi/envs/default/bin/cmake --build /home/franka/Documents/Rhino_Control/dm_gripper_ros2/build/dm_motor_driver -- -j17 -l17
[0.111s] [ 25%] Built target gtest_main
[0.111s] [ 50%] Built target gtest
[0.111s] [ 50%] Built target dm_motor_driver
[0.130s] [ 87%] [32mBuilding CXX object CMakeFiles/smoke_test.dir/tools/smoke_test.cpp.o[0m
[0.130s] [ 93%] Built target tau_logger
[0.130s] [ 93%] Built target test_protocol
[0.130s] [ 93%] Built target test_socketcan_mock
[0.801s] [100%] [1m[32mLinking CXX executable smoke_test[0m
[0.856s] [100%] Built target smoke_test
[0.864s] Invoked command in '/home/franka/Documents/Rhino_Control/dm_gripper_ros2/build/dm_motor_driver' returned '0': CONDA_ENV_SHLVL_2_PIXI_PROMPT=(Rhino_Control) CONDA_ENV_SHLVL_3_PIXI_PROMPT=(Rhino_Control) CONDA_ENV_SHLVL_4_PIXI_PROMPT=(Rhino_Control) DEBUGINFOD_URLS=https://debuginfod.ubuntu.com PIXI_PROMPT=(Rhino_Control) PS1=(Rhino_Control) \[\e]0;\u@\h: \w\a\]${debian_chroot:+($debian_chroot)}\[\033[01;32m\]\u@\h\[\033[00m\]:\[\033[01;34m\]\w\[\033[00m\]\$ /home/franka/Documents/Rhino_Control/.pixi/envs/default/bin/cmake --build /home/franka/Documents/Rhino_Control/dm_gripper_ros2/build/dm_motor_driver -- -j17 -l17
[0.899s] Invoking command in '/home/franka/Documents/Rhino_Control/dm_gripper_ros2/build/dm_motor_driver': CONDA_ENV_SHLVL_2_PIXI_PROMPT=(Rhino_Control) CONDA_ENV_SHLVL_3_PIXI_PROMPT=(Rhino_Control) CONDA_ENV_SHLVL_4_PIXI_PROMPT=(Rhino_Control) DEBUGINFOD_URLS=https://debuginfod.ubuntu.com PIXI_PROMPT=(Rhino_Control) PS1=(Rhino_Control) \[\e]0;\u@\h: \w\a\]${debian_chroot:+($debian_chroot)}\[\033[01;32m\]\u@\h\[\033[00m\]:\[\033[01;34m\]\w\[\033[00m\]\$ /home/franka/Documents/Rhino_Control/.pixi/envs/default/bin/cmake --install /home/franka/Documents/Rhino_Control/dm_gripper_ros2/build/dm_motor_driver
[0.903s] -- Install configuration: ""
[0.903s] -- Up-to-date: /home/franka/Documents/Rhino_Control/dm_gripper_ros2/install/dm_motor_driver/share/dm_motor_driver/environment/library_path.sh
[0.904s] -- Up-to-date: /home/franka/Documents/Rhino_Control/dm_gripper_ros2/install/dm_motor_driver/share/dm_motor_driver/environment/library_path.dsv
[0.904s] -- Up-to-date: /home/franka/Documents/Rhino_Control/dm_gripper_ros2/install/dm_motor_driver/include
[0.904s] -- Up-to-date: /home/franka/Documents/Rhino_Control/dm_gripper_ros2/install/dm_motor_driver/include/dm_motor_driver
[0.904s] -- Up-to-date: /home/franka/Documents/Rhino_Control/dm_gripper_ros2/install/dm_motor_driver/include/dm_motor_driver/dm_motor.hpp
[0.904s] -- Up-to-date: /home/franka/Documents/Rhino_Control/dm_gripper_ros2/install/dm_motor_driver/include/dm_motor_driver/socketcan.hpp
[0.904s] -- Up-to-date: /home/franka/Documents/Rhino_Control/dm_gripper_ros2/install/dm_motor_driver/include/dm_motor_driver/dm_protocol.hpp
[0.904s] -- Installing: /home/franka/Documents/Rhino_Control/dm_gripper_ros2/install/dm_motor_driver/lib/libdm_motor_driver.so
[0.904s] -- Installing: /home/franka/Documents/Rhino_Control/dm_gripper_ros2/install/dm_motor_driver/lib/dm_motor_driver/tau_logger
[0.904s] -- Set non-toolchain portion of runtime path of "/home/franka/Documents/Rhino_Control/dm_gripper_ros2/install/dm_motor_driver/lib/dm_motor_driver/tau_logger" to ""
[0.904s] -- Installing: /home/franka/Documents/Rhino_Control/dm_gripper_ros2/install/dm_motor_driver/lib/dm_motor_driver/smoke_test
[0.905s] -- Set non-toolchain portion of runtime path of "/home/franka/Documents/Rhino_Control/dm_gripper_ros2/install/dm_motor_driver/lib/dm_motor_driver/smoke_test" to ""
[0.905s] -- Up-to-date: /home/franka/Documents/Rhino_Control/dm_gripper_ros2/install/dm_motor_driver/share/ament_index/resource_index/package_run_dependencies/dm_motor_driver
[0.905s] -- Up-to-date: /home/franka/Documents/Rhino_Control/dm_gripper_ros2/install/dm_motor_driver/share/ament_index/resource_index/parent_prefix_path/dm_motor_driver
[0.905s] -- Up-to-date: /home/franka/Documents/Rhino_Control/dm_gripper_ros2/install/dm_motor_driver/share/dm_motor_driver/environment/ament_prefix_path.sh
[0.905s] -- Up-to-date: /home/franka/Documents/Rhino_Control/dm_gripper_ros2/install/dm_motor_driver/share/dm_motor_driver/environment/ament_prefix_path.dsv
[0.905s] -- Up-to-date: /home/franka/Documents/Rhino_Control/dm_gripper_ros2/install/dm_motor_driver/share/dm_motor_driver/environment/path.sh
[0.905s] -- Up-to-date: /home/franka/Documents/Rhino_Control/dm_gripper_ros2/install/dm_motor_driver/share/dm_motor_driver/environment/path.dsv
[0.905s] -- Up-to-date: /home/franka/Documents/Rhino_Control/dm_gripper_ros2/install/dm_motor_driver/share/dm_motor_driver/local_setup.bash
[0.905s] -- Up-to-date: /home/franka/Documents/Rhino_Control/dm_gripper_ros2/install/dm_motor_driver/share/dm_motor_driver/local_setup.sh
[0.905s] -- Up-to-date: /home/franka/Documents/Rhino_Control/dm_gripper_ros2/install/dm_motor_driver/share/dm_motor_driver/local_setup.zsh
[0.905s] -- Up-to-date: /home/franka/Documents/Rhino_Control/dm_gripper_ros2/install/dm_motor_driver/share/dm_motor_driver/local_setup.dsv
[0.905s] -- Installing: /home/franka/Documents/Rhino_Control/dm_gripper_ros2/install/dm_motor_driver/share/dm_motor_driver/package.dsv
[0.905s] -- Up-to-date: /home/franka/Documents/Rhino_Control/dm_gripper_ros2/install/dm_motor_driver/share/ament_index/resource_index/packages/dm_motor_driver
[0.905s] -- Up-to-date: /home/franka/Documents/Rhino_Control/dm_gripper_ros2/install/dm_motor_driver/share/dm_motor_driver/cmake/dm_motor_driverTargetsExport.cmake
[0.905s] -- Up-to-date: /home/franka/Documents/Rhino_Control/dm_gripper_ros2/install/dm_motor_driver/share/dm_motor_driver/cmake/dm_motor_driverTargetsExport-noconfig.cmake
[0.905s] -- Up-to-date: /home/franka/Documents/Rhino_Control/dm_gripper_ros2/install/dm_motor_driver/share/dm_motor_driver/cmake/ament_cmake_export_targets-extras.cmake
[0.905s] -- Up-to-date: /home/franka/Documents/Rhino_Control/dm_gripper_ros2/install/dm_motor_driver/share/dm_motor_driver/cmake/ament_cmake_export_include_directories-extras.cmake
[0.906s] -- Up-to-date: /home/franka/Documents/Rhino_Control/dm_gripper_ros2/install/dm_motor_driver/share/dm_motor_driver/cmake/ament_cmake_export_libraries-extras.cmake
[0.906s] -- Up-to-date: /home/franka/Documents/Rhino_Control/dm_gripper_ros2/install/dm_motor_driver/share/dm_motor_driver/cmake/dm_motor_driverConfig.cmake
[0.906s] -- Up-to-date: /home/franka/Documents/Rhino_Control/dm_gripper_ros2/install/dm_motor_driver/share/dm_motor_driver/cmake/dm_motor_driverConfig-version.cmake
[0.906s] -- Up-to-date: /home/franka/Documents/Rhino_Control/dm_gripper_ros2/install/dm_motor_driver/share/dm_motor_driver/package.xml
[0.907s] Invoked command in '/home/franka/Documents/Rhino_Control/dm_gripper_ros2/build/dm_motor_driver' returned '0': CONDA_ENV_SHLVL_2_PIXI_PROMPT=(Rhino_Control) CONDA_ENV_SHLVL_3_PIXI_PROMPT=(Rhino_Control) CONDA_ENV_SHLVL_4_PIXI_PROMPT=(Rhino_Control) DEBUGINFOD_URLS=https://debuginfod.ubuntu.com PIXI_PROMPT=(Rhino_Control) PS1=(Rhino_Control) \[\e]0;\u@\h: \w\a\]${debian_chroot:+($debian_chroot)}\[\033[01;32m\]\u@\h\[\033[00m\]:\[\033[01;34m\]\w\[\033[00m\]\$ /home/franka/Documents/Rhino_Control/.pixi/envs/default/bin/cmake --install /home/franka/Documents/Rhino_Control/dm_gripper_ros2/build/dm_motor_driver
