[0.074s] Invoking command in '/home/franka/Documents/Rhino_Control/dm_gripper_ros2/build/dm_gripper_core': CMAKE_PREFIX_PATH=/home/franka/Documents/Rhino_Control/dm_gripper_ros2/install/dm_motor_driver:/home/franka/Documents/Rhino_Control/dm_gripper_ros2/install/dm_gripper_core:/home/franka/Documents/Rhino_Control/.pixi/envs/default:/home/franka/Documents/Rhino_Control/.pixi/envs/default/x86_64-conda-linux-gnu/sysroot/usr:/home/franka/Documents/Rhino_Control/.pixi/envs/default:/home/franka/Documents/Rhino_Control/.pixi/envs/default/x86_64-conda-linux-gnu/sysroot/usr:/home/franka/Documents/Rhino_Control/.pixi/envs/default:/home/franka/Documents/Rhino_Control/.pixi/envs/default/x86_64-conda-linux-gnu/sysroot/usr CONDA_ENV_SHLVL_2_PIXI_PROMPT=(Rhino_Control) CONDA_ENV_SHLVL_3_PIXI_PROMPT=(Rhino_Control) CONDA_ENV_SHLVL_4_PIXI_PROMPT=(Rhino_Control) DEBUGINFOD_URLS=https://debuginfod.ubuntu.com LD_LIBRARY_PATH=/home/franka/Documents/Rhino_Control/dm_gripper_ros2/install/dm_motor_driver/lib:/home/franka/Documents/Rhino_Control/dm_gripper_ros2/install/dm_gripper_core/lib:/home/franka/Documents/Rhino_Control/.pixi/envs/default/opt/rviz_ogre_vendor/lib:/home/franka/Documents/Rhino_Control/.pixi/envs/default/lib PIXI_PROMPT=(Rhino_Control) PS1=(Rhino_Control) \[\e]0;\u@\h: \w\a\]${debian_chroot:+($debian_chroot)}\[\033[01;32m\]\u@\h\[\033[00m\]:\[\033[01;34m\]\w\[\033[00m\]\$ /home/franka/Documents/Rhino_Control/.pixi/envs/default/bin/cmake --build /home/franka/Documents/Rhino_Control/dm_gripper_ros2/build/dm_gripper_core -- -j17 -l17
[0.094s] -- Found ament_cmake: 2.5.5 (/home/franka/Documents/Rhino_Control/.pixi/envs/default/share/ament_cmake/cmake)
[0.241s] -- Found dm_motor_driver: 0.1.0 (/home/franka/Documents/Rhino_Control/dm_gripper_ros2/install/dm_motor_driver/share/dm_motor_driver/cmake)
[0.243s] -- Found ament_cmake_gtest: 2.5.5 (/home/franka/Documents/Rhino_Control/.pixi/envs/default/share/ament_cmake_gtest/cmake)
[0.244s] -- Found gtest sources under '/home/franka/Documents/Rhino_Control/.pixi/envs/default/src/gtest_vendor': C++ tests using 'Google Test' will be built
[0.244s] [0mCMake Deprecation Warning at /home/franka/Documents/Rhino_Control/.pixi/envs/default/src/gtest_vendor/CMakeLists.txt:2 (cmake_minimum_required):
[0.244s]   Compatibility with CMake < 3.10 will be removed from a future version of
[0.244s]   CMake.
[0.244s] 
[0.244s]   Update the VERSION argument <min> value.  Or, use the <min>...<max> syntax
[0.244s]   to tell CMake that the project requires at least <min> but has been updated
[0.244s]   to work with policies introduced by <max> or earlier.
[0.244s] 
[0.245s] [0m
[0.325s] -- Configuring done (0.2s)
[0.339s] -- Generating done (0.0s)
[0.340s] -- Build files have been written to: /home/franka/Documents/Rhino_Control/dm_gripper_ros2/build/dm_gripper_core
[0.359s] [  5%] [32mBuilding CXX object CMakeFiles/dm_gripper_core.dir/src/gripper_kinematics.cpp.o[0m
[0.359s] [ 10%] [32mBuilding CXX object CMakeFiles/dm_gripper_core.dir/src/contact_detector.cpp.o[0m
[0.359s] [ 15%] [32mBuilding CXX object CMakeFiles/dm_gripper_core.dir/src/gripper_state_machine.cpp.o[0m
[0.359s] [ 20%] [32mBuilding CXX object CMakeFiles/dm_gripper_core.dir/src/impedance_controller.cpp.o[0m
[0.359s] [ 25%] [32mBuilding CXX object CMakeFiles/dm_gripper_core.dir/src/force_position_controller.cpp.o[0m
[0.362s] [ 35%] Built target gtest_main
[0.363s] [ 45%] Built target gtest
[0.643s] [ 50%] [1m[32mLinking CXX static library libdm_gripper_core.a[0m
[0.660s] [ 50%] Built target dm_gripper_core
[0.672s] [ 55%] [32mBuilding CXX object CMakeFiles/test_gripper_kinematics.dir/test/test_gripper_kinematics.cpp.o[0m
[0.672s] [ 60%] [32mBuilding CXX object CMakeFiles/test_gripper_state_machine.dir/test/test_gripper_state_machine.cpp.o[0m
[0.672s] [ 70%] [32mBuilding CXX object CMakeFiles/test_impedance_controller.dir/test/test_impedance_controller.cpp.o[0m
[0.672s] [ 70%] [32mBuilding CXX object CMakeFiles/test_force_position_ctrl.dir/test/test_force_position_controller.cpp.o[0m
[0.678s] [ 75%] [32mBuilding CXX object CMakeFiles/test_contact_detector.dir/test/test_contact_detector.cpp.o[0m
[1.767s] [ 80%] [1m[32mLinking CXX executable test_force_position_ctrl[0m
[1.772s] [ 85%] [1m[32mLinking CXX executable test_contact_detector[0m
[1.779s] [ 90%] [1m[32mLinking CXX executable test_impedance_controller[0m
[1.845s] [ 90%] Built target test_force_position_ctrl
[1.853s] [ 90%] Built target test_contact_detector
[1.858s] [ 90%] Built target test_impedance_controller
[1.882s] [ 95%] [1m[32mLinking CXX executable test_gripper_state_machine[0m
[1.884s] [100%] [1m[32mLinking CXX executable test_gripper_kinematics[0m
[1.959s] [100%] Built target test_gripper_state_machine
[1.959s] [100%] Built target test_gripper_kinematics
[1.966s] Invoked command in '/home/franka/Documents/Rhino_Control/dm_gripper_ros2/build/dm_gripper_core' returned '0': CMAKE_PREFIX_PATH=/home/franka/Documents/Rhino_Control/dm_gripper_ros2/install/dm_motor_driver:/home/franka/Documents/Rhino_Control/dm_gripper_ros2/install/dm_gripper_core:/home/franka/Documents/Rhino_Control/.pixi/envs/default:/home/franka/Documents/Rhino_Control/.pixi/envs/default/x86_64-conda-linux-gnu/sysroot/usr:/home/franka/Documents/Rhino_Control/.pixi/envs/default:/home/franka/Documents/Rhino_Control/.pixi/envs/default/x86_64-conda-linux-gnu/sysroot/usr:/home/franka/Documents/Rhino_Control/.pixi/envs/default:/home/franka/Documents/Rhino_Control/.pixi/envs/default/x86_64-conda-linux-gnu/sysroot/usr CONDA_ENV_SHLVL_2_PIXI_PROMPT=(Rhino_Control) CONDA_ENV_SHLVL_3_PIXI_PROMPT=(Rhino_Control) CONDA_ENV_SHLVL_4_PIXI_PROMPT=(Rhino_Control) DEBUGINFOD_URLS=https://debuginfod.ubuntu.com LD_LIBRARY_PATH=/home/franka/Documents/Rhino_Control/dm_gripper_ros2/install/dm_motor_driver/lib:/home/franka/Documents/Rhino_Control/dm_gripper_ros2/install/dm_gripper_core/lib:/home/franka/Documents/Rhino_Control/.pixi/envs/default/opt/rviz_ogre_vendor/lib:/home/franka/Documents/Rhino_Control/.pixi/envs/default/lib PIXI_PROMPT=(Rhino_Control) PS1=(Rhino_Control) \[\e]0;\u@\h: \w\a\]${debian_chroot:+($debian_chroot)}\[\033[01;32m\]\u@\h\[\033[00m\]:\[\033[01;34m\]\w\[\033[00m\]\$ /home/franka/Documents/Rhino_Control/.pixi/envs/default/bin/cmake --build /home/franka/Documents/Rhino_Control/dm_gripper_ros2/build/dm_gripper_core -- -j17 -l17
[2.003s] Invoking command in '/home/franka/Documents/Rhino_Control/dm_gripper_ros2/build/dm_gripper_core': CMAKE_PREFIX_PATH=/home/franka/Documents/Rhino_Control/dm_gripper_ros2/install/dm_motor_driver:/home/franka/Documents/Rhino_Control/dm_gripper_ros2/install/dm_gripper_core:/home/franka/Documents/Rhino_Control/.pixi/envs/default:/home/franka/Documents/Rhino_Control/.pixi/envs/default/x86_64-conda-linux-gnu/sysroot/usr:/home/franka/Documents/Rhino_Control/.pixi/envs/default:/home/franka/Documents/Rhino_Control/.pixi/envs/default/x86_64-conda-linux-gnu/sysroot/usr:/home/franka/Documents/Rhino_Control/.pixi/envs/default:/home/franka/Documents/Rhino_Control/.pixi/envs/default/x86_64-conda-linux-gnu/sysroot/usr CONDA_ENV_SHLVL_2_PIXI_PROMPT=(Rhino_Control) CONDA_ENV_SHLVL_3_PIXI_PROMPT=(Rhino_Control) CONDA_ENV_SHLVL_4_PIXI_PROMPT=(Rhino_Control) DEBUGINFOD_URLS=https://debuginfod.ubuntu.com LD_LIBRARY_PATH=/home/franka/Documents/Rhino_Control/dm_gripper_ros2/install/dm_motor_driver/lib:/home/franka/Documents/Rhino_Control/dm_gripper_ros2/install/dm_gripper_core/lib:/home/franka/Documents/Rhino_Control/.pixi/envs/default/opt/rviz_ogre_vendor/lib:/home/franka/Documents/Rhino_Control/.pixi/envs/default/lib PIXI_PROMPT=(Rhino_Control) PS1=(Rhino_Control) \[\e]0;\u@\h: \w\a\]${debian_chroot:+($debian_chroot)}\[\033[01;32m\]\u@\h\[\033[00m\]:\[\033[01;34m\]\w\[\033[00m\]\$ /home/franka/Documents/Rhino_Control/.pixi/envs/default/bin/cmake --install /home/franka/Documents/Rhino_Control/dm_gripper_ros2/build/dm_gripper_core
[2.007s] -- Install configuration: ""
[2.007s] -- Installing: /home/franka/Documents/Rhino_Control/dm_gripper_ros2/install/dm_gripper_core/lib/libdm_gripper_core.a
[2.008s] -- Up-to-date: /home/franka/Documents/Rhino_Control/dm_gripper_ros2/install/dm_gripper_core/include
[2.008s] -- Up-to-date: /home/franka/Documents/Rhino_Control/dm_gripper_ros2/install/dm_gripper_core/include/dm_gripper_core
[2.008s] -- Installing: /home/franka/Documents/Rhino_Control/dm_gripper_ros2/install/dm_gripper_core/include/dm_gripper_core/gripper_kinematics.hpp
[2.008s] -- Installing: /home/franka/Documents/Rhino_Control/dm_gripper_ros2/install/dm_gripper_core/include/dm_gripper_core/gripper_state_machine.hpp
[2.008s] -- Installing: /home/franka/Documents/Rhino_Control/dm_gripper_ros2/install/dm_gripper_core/include/dm_gripper_core/contact_detector.hpp
[2.008s] -- Installing: /home/franka/Documents/Rhino_Control/dm_gripper_ros2/install/dm_gripper_core/include/dm_gripper_core/force_position_controller.hpp
[2.008s] -- Installing: /home/franka/Documents/Rhino_Control/dm_gripper_ros2/install/dm_gripper_core/include/dm_gripper_core/impedance_controller.hpp
[2.008s] -- Up-to-date: /home/franka/Documents/Rhino_Control/dm_gripper_ros2/install/dm_gripper_core/share/ament_index/resource_index/package_run_dependencies/dm_gripper_core
[2.008s] -- Installing: /home/franka/Documents/Rhino_Control/dm_gripper_ros2/install/dm_gripper_core/share/ament_index/resource_index/parent_prefix_path/dm_gripper_core
[2.008s] -- Up-to-date: /home/franka/Documents/Rhino_Control/dm_gripper_ros2/install/dm_gripper_core/share/dm_gripper_core/environment/ament_prefix_path.sh
[2.008s] -- Up-to-date: /home/franka/Documents/Rhino_Control/dm_gripper_ros2/install/dm_gripper_core/share/dm_gripper_core/environment/ament_prefix_path.dsv
[2.008s] -- Up-to-date: /home/franka/Documents/Rhino_Control/dm_gripper_ros2/install/dm_gripper_core/share/dm_gripper_core/environment/path.sh
[2.008s] -- Up-to-date: /home/franka/Documents/Rhino_Control/dm_gripper_ros2/install/dm_gripper_core/share/dm_gripper_core/environment/path.dsv
[2.009s] -- Up-to-date: /home/franka/Documents/Rhino_Control/dm_gripper_ros2/install/dm_gripper_core/share/dm_gripper_core/local_setup.bash
[2.009s] -- Installing: /home/franka/Documents/Rhino_Control/dm_gripper_ros2/install/dm_gripper_core/share/dm_gripper_core/local_setup.sh
[2.009s] -- Up-to-date: /home/franka/Documents/Rhino_Control/dm_gripper_ros2/install/dm_gripper_core/share/dm_gripper_core/local_setup.zsh
[2.009s] -- Installing: /home/franka/Documents/Rhino_Control/dm_gripper_ros2/install/dm_gripper_core/share/dm_gripper_core/local_setup.dsv
[2.009s] -- Installing: /home/franka/Documents/Rhino_Control/dm_gripper_ros2/install/dm_gripper_core/share/dm_gripper_core/package.dsv
[2.009s] -- Up-to-date: /home/franka/Documents/Rhino_Control/dm_gripper_ros2/install/dm_gripper_core/share/ament_index/resource_index/packages/dm_gripper_core
[2.009s] -- Installing: /home/franka/Documents/Rhino_Control/dm_gripper_ros2/install/dm_gripper_core/share/dm_gripper_core/cmake/dm_gripper_coreConfig.cmake
[2.009s] -- Up-to-date: /home/franka/Documents/Rhino_Control/dm_gripper_ros2/install/dm_gripper_core/share/dm_gripper_core/cmake/dm_gripper_coreConfig-version.cmake
[2.009s] -- Up-to-date: /home/franka/Documents/Rhino_Control/dm_gripper_ros2/install/dm_gripper_core/share/dm_gripper_core/package.xml
[2.010s] Invoked command in '/home/franka/Documents/Rhino_Control/dm_gripper_ros2/build/dm_gripper_core' returned '0': CMAKE_PREFIX_PATH=/home/franka/Documents/Rhino_Control/dm_gripper_ros2/install/dm_motor_driver:/home/franka/Documents/Rhino_Control/dm_gripper_ros2/install/dm_gripper_core:/home/franka/Documents/Rhino_Control/.pixi/envs/default:/home/franka/Documents/Rhino_Control/.pixi/envs/default/x86_64-conda-linux-gnu/sysroot/usr:/home/franka/Documents/Rhino_Control/.pixi/envs/default:/home/franka/Documents/Rhino_Control/.pixi/envs/default/x86_64-conda-linux-gnu/sysroot/usr:/home/franka/Documents/Rhino_Control/.pixi/envs/default:/home/franka/Documents/Rhino_Control/.pixi/envs/default/x86_64-conda-linux-gnu/sysroot/usr CONDA_ENV_SHLVL_2_PIXI_PROMPT=(Rhino_Control) CONDA_ENV_SHLVL_3_PIXI_PROMPT=(Rhino_Control) CONDA_ENV_SHLVL_4_PIXI_PROMPT=(Rhino_Control) DEBUGINFOD_URLS=https://debuginfod.ubuntu.com LD_LIBRARY_PATH=/home/franka/Documents/Rhino_Control/dm_gripper_ros2/install/dm_motor_driver/lib:/home/franka/Documents/Rhino_Control/dm_gripper_ros2/install/dm_gripper_core/lib:/home/franka/Documents/Rhino_Control/.pixi/envs/default/opt/rviz_ogre_vendor/lib:/home/franka/Documents/Rhino_Control/.pixi/envs/default/lib PIXI_PROMPT=(Rhino_Control) PS1=(Rhino_Control) \[\e]0;\u@\h: \w\a\]${debian_chroot:+($debian_chroot)}\[\033[01;32m\]\u@\h\[\033[00m\]:\[\033[01;34m\]\w\[\033[00m\]\$ /home/franka/Documents/Rhino_Control/.pixi/envs/default/bin/cmake --install /home/franka/Documents/Rhino_Control/dm_gripper_ros2/build/dm_gripper_core
