[ 41%] Built target gtest_main
[ 50%] Built target dm_motor_driver
[ 66%] Built target gtest
[100%] Built target test_socketcan_mock
[100%] Built target test_protocol
-- Install configuration: ""
-- Up-to-date: /home/franka/Documents/Rhino_Control/dm_gripper_ros2/install/dm_motor_driver/share/dm_motor_driver/environment/library_path.sh
-- Up-to-date: /home/franka/Documents/Rhino_Control/dm_gripper_ros2/install/dm_motor_driver/share/dm_motor_driver/environment/library_path.dsv
-- Up-to-date: /home/franka/Documents/Rhino_Control/dm_gripper_ros2/install/dm_motor_driver/include
-- Up-to-date: /home/franka/Documents/Rhino_Control/dm_gripper_ros2/install/dm_motor_driver/include/dm_motor_driver
-- Up-to-date: /home/franka/Documents/Rhino_Control/dm_gripper_ros2/install/dm_motor_driver/include/dm_motor_driver/dm_motor.hpp
-- Up-to-date: /home/franka/Documents/Rhino_Control/dm_gripper_ros2/install/dm_motor_driver/include/dm_motor_driver/socketcan.hpp
-- Up-to-date: /home/franka/Documents/Rhino_Control/dm_gripper_ros2/install/dm_motor_driver/include/dm_motor_driver/dm_protocol.hpp
-- Installing: /home/franka/Documents/Rhino_Control/dm_gripper_ros2/install/dm_motor_driver/lib/libdm_motor_driver.so
-- Up-to-date: /home/franka/Documents/Rhino_Control/dm_gripper_ros2/install/dm_motor_driver/share/ament_index/resource_index/package_run_dependencies/dm_motor_driver
-- Up-to-date: /home/franka/Documents/Rhino_Control/dm_gripper_ros2/install/dm_motor_driver/share/ament_index/resource_index/parent_prefix_path/dm_motor_driver
-- Up-to-date: /home/franka/Documents/Rhino_Control/dm_gripper_ros2/install/dm_motor_driver/share/dm_motor_driver/environment/ament_prefix_path.sh
-- Up-to-date: /home/franka/Documents/Rhino_Control/dm_gripper_ros2/install/dm_motor_driver/share/dm_motor_driver/environment/ament_prefix_path.dsv
-- Up-to-date: /home/franka/Documents/Rhino_Control/dm_gripper_ros2/install/dm_motor_driver/share/dm_motor_driver/environment/path.sh
-- Up-to-date: /home/franka/Documents/Rhino_Control/dm_gripper_ros2/install/dm_motor_driver/share/dm_motor_driver/environment/path.dsv
-- Up-to-date: /home/franka/Documents/Rhino_Control/dm_gripper_ros2/install/dm_motor_driver/share/dm_motor_driver/local_setup.bash
-- Up-to-date: /home/franka/Documents/Rhino_Control/dm_gripper_ros2/install/dm_motor_driver/share/dm_motor_driver/local_setup.sh
-- Up-to-date: /home/franka/Documents/Rhino_Control/dm_gripper_ros2/install/dm_motor_driver/share/dm_motor_driver/local_setup.zsh
-- Up-to-date: /home/franka/Documents/Rhino_Control/dm_gripper_ros2/install/dm_motor_driver/share/dm_motor_driver/local_setup.dsv
-- Installing: /home/franka/Documents/Rhino_Control/dm_gripper_ros2/install/dm_motor_driver/share/dm_motor_driver/package.dsv
-- Up-to-date: /home/franka/Documents/Rhino_Control/dm_gripper_ros2/install/dm_motor_driver/share/ament_index/resource_index/packages/dm_motor_driver
-- Up-to-date: /home/franka/Documents/Rhino_Control/dm_gripper_ros2/install/dm_motor_driver/share/dm_motor_driver/cmake/dm_motor_driverTargetsExport.cmake
-- Up-to-date: /home/franka/Documents/Rhino_Control/dm_gripper_ros2/install/dm_motor_driver/share/dm_motor_driver/cmake/dm_motor_driverTargetsExport-noconfig.cmake
-- Up-to-date: /home/franka/Documents/Rhino_Control/dm_gripper_ros2/install/dm_motor_driver/share/dm_motor_driver/cmake/ament_cmake_export_targets-extras.cmake
-- Up-to-date: /home/franka/Documents/Rhino_Control/dm_gripper_ros2/install/dm_motor_driver/share/dm_motor_driver/cmake/ament_cmake_export_include_directories-extras.cmake
-- Up-to-date: /home/franka/Documents/Rhino_Control/dm_gripper_ros2/install/dm_motor_driver/share/dm_motor_driver/cmake/ament_cmake_export_libraries-extras.cmake
-- Up-to-date: /home/franka/Documents/Rhino_Control/dm_gripper_ros2/install/dm_motor_driver/share/dm_motor_driver/cmake/dm_motor_driverConfig.cmake
-- Up-to-date: /home/franka/Documents/Rhino_Control/dm_gripper_ros2/install/dm_motor_driver/share/dm_motor_driver/cmake/dm_motor_driverConfig-version.cmake
-- Up-to-date: /home/franka/Documents/Rhino_Control/dm_gripper_ros2/install/dm_motor_driver/share/dm_motor_driver/package.xml
