[0.056s] Invoking command in '/home/franka/Documents/Rhino_Control/dm_gripper_ros2/build/dm_motor_driver': CONDA_ENV_SHLVL_2_PIXI_PROMPT=(Rhino_Control) CONDA_ENV_SHLVL_3_PIXI_PROMPT=(Rhino_Control) CONDA_ENV_SHLVL_4_PIXI_PROMPT=(Rhino_Control) DEBUGINFOD_URLS=https://debuginfod.ubuntu.com PIXI_PROMPT=(Rhino_Control) PS1=(Rhino_Control) \[\e]0;\u@\h: \w\a\]${debian_chroot:+($debian_chroot)}\[\033[01;32m\]\u@\h\[\033[00m\]:\[\033[01;34m\]\w\[\033[00m\]\$ /home/franka/Documents/Rhino_Control/.pixi/envs/default/bin/cmake --build /home/franka/Documents/Rhino_Control/dm_gripper_ros2/build/dm_motor_driver -- -j17 -l17
[0.075s] -- Found ament_cmake: 2.5.5 (/home/franka/Documents/Rhino_Control/.pixi/envs/default/share/ament_cmake/cmake)
[0.225s] -- Found ament_cmake_gtest: 2.5.5 (/home/franka/Documents/Rhino_Control/.pixi/envs/default/share/ament_cmake_gtest/cmake)
[0.225s] -- Found gtest sources under '/home/franka/Documents/Rhino_Control/.pixi/envs/default/src/gtest_vendor': C++ tests using 'Google Test' will be built
[0.226s] [0mCMake Deprecation Warning at /home/franka/Documents/Rhino_Control/.pixi/envs/default/src/gtest_vendor/CMakeLists.txt:2 (cmake_minimum_required):
[0.226s]   Compatibility with CMake < 3.10 will be removed from a future version of
[0.226s]   CMake.
[0.226s] 
[0.226s]   Update the VERSION argument <min> value.  Or, use the <min>...<max> syntax
[0.226s]   to tell CMake that the project requires at least <min> but has been updated
[0.226s]   to work with policies introduced by <max> or earlier.
[0.226s] 
[0.226s] [0m
[0.303s] -- Configuring done (0.2s)
[0.314s] -- Generating done (0.0s)
[0.314s] -- Build files have been written to: /home/franka/Documents/Rhino_Control/dm_gripper_ros2/build/dm_motor_driver
[0.338s] [ 16%] Built target gtest_main
[0.338s] [ 50%] Built target dm_motor_driver
[0.338s] [ 66%] Built target gtest
[0.354s] [ 83%] Built target test_socketcan_mock
[0.354s] [100%] Built target test_protocol
[0.361s] Invoked command in '/home/franka/Documents/Rhino_Control/dm_gripper_ros2/build/dm_motor_driver' returned '0': CONDA_ENV_SHLVL_2_PIXI_PROMPT=(Rhino_Control) CONDA_ENV_SHLVL_3_PIXI_PROMPT=(Rhino_Control) CONDA_ENV_SHLVL_4_PIXI_PROMPT=(Rhino_Control) DEBUGINFOD_URLS=https://debuginfod.ubuntu.com PIXI_PROMPT=(Rhino_Control) PS1=(Rhino_Control) \[\e]0;\u@\h: \w\a\]${debian_chroot:+($debian_chroot)}\[\033[01;32m\]\u@\h\[\033[00m\]:\[\033[01;34m\]\w\[\033[00m\]\$ /home/franka/Documents/Rhino_Control/.pixi/envs/default/bin/cmake --build /home/franka/Documents/Rhino_Control/dm_gripper_ros2/build/dm_motor_driver -- -j17 -l17
[0.391s] Invoking command in '/home/franka/Documents/Rhino_Control/dm_gripper_ros2/build/dm_motor_driver': CONDA_ENV_SHLVL_2_PIXI_PROMPT=(Rhino_Control) CONDA_ENV_SHLVL_3_PIXI_PROMPT=(Rhino_Control) CONDA_ENV_SHLVL_4_PIXI_PROMPT=(Rhino_Control) DEBUGINFOD_URLS=https://debuginfod.ubuntu.com PIXI_PROMPT=(Rhino_Control) PS1=(Rhino_Control) \[\e]0;\u@\h: \w\a\]${debian_chroot:+($debian_chroot)}\[\033[01;32m\]\u@\h\[\033[00m\]:\[\033[01;34m\]\w\[\033[00m\]\$ /home/franka/Documents/Rhino_Control/.pixi/envs/default/bin/cmake --install /home/franka/Documents/Rhino_Control/dm_gripper_ros2/build/dm_motor_driver
[0.395s] -- Install configuration: ""
[0.395s] -- Up-to-date: /home/franka/Documents/Rhino_Control/dm_gripper_ros2/install/dm_motor_driver/share/dm_motor_driver/environment/library_path.sh
[0.395s] -- Up-to-date: /home/franka/Documents/Rhino_Control/dm_gripper_ros2/install/dm_motor_driver/share/dm_motor_driver/environment/library_path.dsv
[0.395s] -- Up-to-date: /home/franka/Documents/Rhino_Control/dm_gripper_ros2/install/dm_motor_driver/include
[0.395s] -- Up-to-date: /home/franka/Documents/Rhino_Control/dm_gripper_ros2/install/dm_motor_driver/include/dm_motor_driver
[0.395s] -- Up-to-date: /home/franka/Documents/Rhino_Control/dm_gripper_ros2/install/dm_motor_driver/include/dm_motor_driver/dm_motor.hpp
[0.396s] -- Up-to-date: /home/franka/Documents/Rhino_Control/dm_gripper_ros2/install/dm_motor_driver/include/dm_motor_driver/socketcan.hpp
[0.396s] -- Up-to-date: /home/franka/Documents/Rhino_Control/dm_gripper_ros2/install/dm_motor_driver/include/dm_motor_driver/dm_protocol.hpp
[0.396s] -- Installing: /home/franka/Documents/Rhino_Control/dm_gripper_ros2/install/dm_motor_driver/lib/libdm_motor_driver.so
[0.396s] -- Up-to-date: /home/franka/Documents/Rhino_Control/dm_gripper_ros2/install/dm_motor_driver/share/ament_index/resource_index/package_run_dependencies/dm_motor_driver
[0.396s] -- Up-to-date: /home/franka/Documents/Rhino_Control/dm_gripper_ros2/install/dm_motor_driver/share/ament_index/resource_index/parent_prefix_path/dm_motor_driver
[0.396s] -- Up-to-date: /home/franka/Documents/Rhino_Control/dm_gripper_ros2/install/dm_motor_driver/share/dm_motor_driver/environment/ament_prefix_path.sh
[0.396s] -- Up-to-date: /home/franka/Documents/Rhino_Control/dm_gripper_ros2/install/dm_motor_driver/share/dm_motor_driver/environment/ament_prefix_path.dsv
[0.396s] -- Up-to-date: /home/franka/Documents/Rhino_Control/dm_gripper_ros2/install/dm_motor_driver/share/dm_motor_driver/environment/path.sh
[0.396s] -- Up-to-date: /home/franka/Documents/Rhino_Control/dm_gripper_ros2/install/dm_motor_driver/share/dm_motor_driver/environment/path.dsv
[0.396s] -- Up-to-date: /home/franka/Documents/Rhino_Control/dm_gripper_ros2/install/dm_motor_driver/share/dm_motor_driver/local_setup.bash
[0.396s] -- Up-to-date: /home/franka/Documents/Rhino_Control/dm_gripper_ros2/install/dm_motor_driver/share/dm_motor_driver/local_setup.sh
[0.396s] -- Up-to-date: /home/franka/Documents/Rhino_Control/dm_gripper_ros2/install/dm_motor_driver/share/dm_motor_driver/local_setup.zsh
[0.397s] -- Up-to-date: /home/franka/Documents/Rhino_Control/dm_gripper_ros2/install/dm_motor_driver/share/dm_motor_driver/local_setup.dsv
[0.397s] -- Installing: /home/franka/Documents/Rhino_Control/dm_gripper_ros2/install/dm_motor_driver/share/dm_motor_driver/package.dsv
[0.397s] -- Up-to-date: /home/franka/Documents/Rhino_Control/dm_gripper_ros2/install/dm_motor_driver/share/ament_index/resource_index/packages/dm_motor_driver
[0.397s] -- Up-to-date: /home/franka/Documents/Rhino_Control/dm_gripper_ros2/install/dm_motor_driver/share/dm_motor_driver/cmake/dm_motor_driverTargetsExport.cmake
[0.397s] -- Up-to-date: /home/franka/Documents/Rhino_Control/dm_gripper_ros2/install/dm_motor_driver/share/dm_motor_driver/cmake/dm_motor_driverTargetsExport-noconfig.cmake
[0.397s] -- Up-to-date: /home/franka/Documents/Rhino_Control/dm_gripper_ros2/install/dm_motor_driver/share/dm_motor_driver/cmake/ament_cmake_export_targets-extras.cmake
[0.397s] -- Up-to-date: /home/franka/Documents/Rhino_Control/dm_gripper_ros2/install/dm_motor_driver/share/dm_motor_driver/cmake/ament_cmake_export_include_directories-extras.cmake
[0.397s] -- Up-to-date: /home/franka/Documents/Rhino_Control/dm_gripper_ros2/install/dm_motor_driver/share/dm_motor_driver/cmake/ament_cmake_export_libraries-extras.cmake
[0.397s] -- Up-to-date: /home/franka/Documents/Rhino_Control/dm_gripper_ros2/install/dm_motor_driver/share/dm_motor_driver/cmake/dm_motor_driverConfig.cmake
[0.397s] -- Up-to-date: /home/franka/Documents/Rhino_Control/dm_gripper_ros2/install/dm_motor_driver/share/dm_motor_driver/cmake/dm_motor_driverConfig-version.cmake
[0.397s] -- Up-to-date: /home/franka/Documents/Rhino_Control/dm_gripper_ros2/install/dm_motor_driver/share/dm_motor_driver/package.xml
[0.398s] Invoked command in '/home/franka/Documents/Rhino_Control/dm_gripper_ros2/build/dm_motor_driver' returned '0': CONDA_ENV_SHLVL_2_PIXI_PROMPT=(Rhino_Control) CONDA_ENV_SHLVL_3_PIXI_PROMPT=(Rhino_Control) CONDA_ENV_SHLVL_4_PIXI_PROMPT=(Rhino_Control) DEBUGINFOD_URLS=https://debuginfod.ubuntu.com PIXI_PROMPT=(Rhino_Control) PS1=(Rhino_Control) \[\e]0;\u@\h: \w\a\]${debian_chroot:+($debian_chroot)}\[\033[01;32m\]\u@\h\[\033[00m\]:\[\033[01;34m\]\w\[\033[00m\]\$ /home/franka/Documents/Rhino_Control/.pixi/envs/default/bin/cmake --install /home/franka/Documents/Rhino_Control/dm_gripper_ros2/build/dm_motor_driver
