[0.069s] Invoking command in '/home/franka/Documents/Rhino_Control/dm_gripper_ros2/build/dm_gripper_core': CONDA_ENV_SHLVL_2_PIXI_PROMPT=(Rhino_Control) CONDA_ENV_SHLVL_3_PIXI_PROMPT=(Rhino_Control) CONDA_ENV_SHLVL_4_PIXI_PROMPT=(Rhino_Control) DEBUGINFOD_URLS=https://debuginfod.ubuntu.com PIXI_PROMPT=(Rhino_Control) PS1=(Rhino_Control) \[\e]0;\u@\h: \w\a\]${debian_chroot:+($debian_chroot)}\[\033[01;32m\]\u@\h\[\033[00m\]:\[\033[01;34m\]\w\[\033[00m\]\$ /home/franka/Documents/Rhino_Control/.pixi/envs/default/bin/cmake --build /home/franka/Documents/Rhino_Control/dm_gripper_ros2/build/dm_gripper_core -- -j17 -l17
[0.090s] -- Found ament_cmake: 2.5.5 (/home/franka/Documents/Rhino_Control/.pixi/envs/default/share/ament_cmake/cmake)
[0.239s] -- Found dm_motor_driver: 0.1.0 (/home/franka/Documents/Rhino_Control/dm_gripper_ros2/install/dm_motor_driver/share/dm_motor_driver/cmake)
[0.242s] -- Found ament_cmake_gtest: 2.5.5 (/home/franka/Documents/Rhino_Control/.pixi/envs/default/share/ament_cmake_gtest/cmake)
[0.242s] -- Found gtest sources under '/home/franka/Documents/Rhino_Control/.pixi/envs/default/src/gtest_vendor': C++ tests using 'Google Test' will be built
[0.243s] [0mCMake Deprecation Warning at /home/franka/Documents/Rhino_Control/.pixi/envs/default/src/gtest_vendor/CMakeLists.txt:2 (cmake_minimum_required):
[0.243s]   Compatibility with CMake < 3.10 will be removed from a future version of
[0.243s]   CMake.
[0.243s] 
[0.243s]   Update the VERSION argument <min> value.  Or, use the <min>...<max> syntax
[0.243s]   to tell CMake that the project requires at least <min> but has been updated
[0.243s]   to work with policies introduced by <max> or earlier.
[0.243s] 
[0.243s] [0m
[0.322s] -- Configuring done (0.2s)
[0.336s] -- Generating done (0.0s)
[0.336s] -- Build files have been written to: /home/franka/Documents/Rhino_Control/dm_gripper_ros2/build/dm_gripper_core
[0.356s] [  5%] [32mBuilding CXX object CMakeFiles/dm_gripper_core.dir/src/gripper_kinematics.cpp.o[0m
[0.356s] [ 16%] [32mBuilding CXX object CMakeFiles/dm_gripper_core.dir/src/contact_detector.cpp.o[0m
[0.356s] [ 16%] [32mBuilding CXX object CMakeFiles/dm_gripper_core.dir/src/gripper_state_machine.cpp.o[0m
[0.356s] [ 22%] [32mBuilding CXX object CMakeFiles/dm_gripper_core.dir/src/impedance_controller.cpp.o[0m
[0.357s] [ 27%] [32mBuilding CXX object CMakeFiles/dm_gripper_core.dir/src/force_position_controller.cpp.o[0m
[0.360s] [ 38%] Built target gtest_main
[0.360s] [ 50%] Built target gtest
[0.370s] [ 55%] [1m[32mLinking CXX shared library libdm_gripper_core.so[0m
[0.397s] [ 55%] Built target dm_gripper_core
[0.408s] [ 61%] [32mBuilding CXX object CMakeFiles/test_contact_detector.dir/test/test_contact_detector.cpp.o[0m
[0.408s] [ 66%] [32mBuilding CXX object CMakeFiles/test_kinematics.dir/test/test_kinematics.cpp.o[0m
[0.408s] [ 77%] [32mBuilding CXX object CMakeFiles/test_state_machine.dir/test/test_state_machine.cpp.o[0m
[0.408s] [ 77%] [32mBuilding CXX object CMakeFiles/test_controllers.dir/test/test_controllers.cpp.o[0m
[1.202s] [ 88%] [1m[32mLinking CXX executable test_contact_detector[0m
[1.203s] [ 88%] [1m[32mLinking CXX executable test_controllers[0m
[1.209s] [ 94%] [1m[32mLinking CXX executable test_state_machine[0m
[1.210s] [100%] [1m[32mLinking CXX executable test_kinematics[0m
[1.286s] [100%] Built target test_contact_detector
[1.288s] [100%] Built target test_controllers
[1.300s] [100%] Built target test_state_machine
[1.300s] [100%] Built target test_kinematics
[1.306s] Invoked command in '/home/franka/Documents/Rhino_Control/dm_gripper_ros2/build/dm_gripper_core' returned '0': CONDA_ENV_SHLVL_2_PIXI_PROMPT=(Rhino_Control) CONDA_ENV_SHLVL_3_PIXI_PROMPT=(Rhino_Control) CONDA_ENV_SHLVL_4_PIXI_PROMPT=(Rhino_Control) DEBUGINFOD_URLS=https://debuginfod.ubuntu.com PIXI_PROMPT=(Rhino_Control) PS1=(Rhino_Control) \[\e]0;\u@\h: \w\a\]${debian_chroot:+($debian_chroot)}\[\033[01;32m\]\u@\h\[\033[00m\]:\[\033[01;34m\]\w\[\033[00m\]\$ /home/franka/Documents/Rhino_Control/.pixi/envs/default/bin/cmake --build /home/franka/Documents/Rhino_Control/dm_gripper_ros2/build/dm_gripper_core -- -j17 -l17
[1.336s] Invoking command in '/home/franka/Documents/Rhino_Control/dm_gripper_ros2/build/dm_gripper_core': CONDA_ENV_SHLVL_2_PIXI_PROMPT=(Rhino_Control) CONDA_ENV_SHLVL_3_PIXI_PROMPT=(Rhino_Control) CONDA_ENV_SHLVL_4_PIXI_PROMPT=(Rhino_Control) DEBUGINFOD_URLS=https://debuginfod.ubuntu.com PIXI_PROMPT=(Rhino_Control) PS1=(Rhino_Control) \[\e]0;\u@\h: \w\a\]${debian_chroot:+($debian_chroot)}\[\033[01;32m\]\u@\h\[\033[00m\]:\[\033[01;34m\]\w\[\033[00m\]\$ /home/franka/Documents/Rhino_Control/.pixi/envs/default/bin/cmake --install /home/franka/Documents/Rhino_Control/dm_gripper_ros2/build/dm_gripper_core
[1.340s] -- Install configuration: ""
[1.341s] -- Installing: /home/franka/Documents/Rhino_Control/dm_gripper_ros2/install/dm_gripper_core/share/dm_gripper_core/environment/library_path.sh
[1.341s] -- Installing: /home/franka/Documents/Rhino_Control/dm_gripper_ros2/install/dm_gripper_core/share/dm_gripper_core/environment/library_path.dsv
[1.341s] -- Installing: /home/franka/Documents/Rhino_Control/dm_gripper_ros2/install/dm_gripper_core/include
[1.341s] -- Installing: /home/franka/Documents/Rhino_Control/dm_gripper_ros2/install/dm_gripper_core/include/dm_gripper_core
[1.341s] -- Installing: /home/franka/Documents/Rhino_Control/dm_gripper_ros2/install/dm_gripper_core/include/dm_gripper_core/gripper_kinematics.hpp
[1.341s] -- Installing: /home/franka/Documents/Rhino_Control/dm_gripper_ros2/install/dm_gripper_core/include/dm_gripper_core/gripper_state_machine.hpp
[1.341s] -- Installing: /home/franka/Documents/Rhino_Control/dm_gripper_ros2/install/dm_gripper_core/include/dm_gripper_core/contact_detector.hpp
[1.341s] -- Installing: /home/franka/Documents/Rhino_Control/dm_gripper_ros2/install/dm_gripper_core/include/dm_gripper_core/force_position_controller.hpp
[1.341s] -- Installing: /home/franka/Documents/Rhino_Control/dm_gripper_ros2/install/dm_gripper_core/include/dm_gripper_core/impedance_controller.hpp
[1.341s] -- Installing: /home/franka/Documents/Rhino_Control/dm_gripper_ros2/install/dm_gripper_core/lib/libdm_gripper_core.so
[1.341s] -- Set non-toolchain portion of runtime path of "/home/franka/Documents/Rhino_Control/dm_gripper_ros2/install/dm_gripper_core/lib/libdm_gripper_core.so" to ""
[1.342s] -- Installing: /home/franka/Documents/Rhino_Control/dm_gripper_ros2/install/dm_gripper_core/share/ament_index/resource_index/package_run_dependencies/dm_gripper_core
[1.342s] -- Installing: /home/franka/Documents/Rhino_Control/dm_gripper_ros2/install/dm_gripper_core/share/ament_index/resource_index/parent_prefix_path/dm_gripper_core
[1.342s] -- Installing: /home/franka/Documents/Rhino_Control/dm_gripper_ros2/install/dm_gripper_core/share/dm_gripper_core/environment/ament_prefix_path.sh
[1.342s] -- Installing: /home/franka/Documents/Rhino_Control/dm_gripper_ros2/install/dm_gripper_core/share/dm_gripper_core/environment/ament_prefix_path.dsv
[1.342s] -- Installing: /home/franka/Documents/Rhino_Control/dm_gripper_ros2/install/dm_gripper_core/share/dm_gripper_core/environment/path.sh
[1.342s] -- Installing: /home/franka/Documents/Rhino_Control/dm_gripper_ros2/install/dm_gripper_core/share/dm_gripper_core/environment/path.dsv
[1.342s] -- Installing: /home/franka/Documents/Rhino_Control/dm_gripper_ros2/install/dm_gripper_core/share/dm_gripper_core/local_setup.bash
[1.342s] -- Installing: /home/franka/Documents/Rhino_Control/dm_gripper_ros2/install/dm_gripper_core/share/dm_gripper_core/local_setup.sh
[1.342s] -- Installing: /home/franka/Documents/Rhino_Control/dm_gripper_ros2/install/dm_gripper_core/share/dm_gripper_core/local_setup.zsh
[1.342s] -- Installing: /home/franka/Documents/Rhino_Control/dm_gripper_ros2/install/dm_gripper_core/share/dm_gripper_core/local_setup.dsv
[1.343s] -- Installing: /home/franka/Documents/Rhino_Control/dm_gripper_ros2/install/dm_gripper_core/share/dm_gripper_core/package.dsv
[1.343s] -- Installing: /home/franka/Documents/Rhino_Control/dm_gripper_ros2/install/dm_gripper_core/share/ament_index/resource_index/packages/dm_gripper_core
[1.343s] -- Installing: /home/franka/Documents/Rhino_Control/dm_gripper_ros2/install/dm_gripper_core/share/dm_gripper_core/cmake/dm_gripper_coreTargetsExport.cmake
[1.343s] -- Installing: /home/franka/Documents/Rhino_Control/dm_gripper_ros2/install/dm_gripper_core/share/dm_gripper_core/cmake/dm_gripper_coreTargetsExport-noconfig.cmake
[1.343s] -- Installing: /home/franka/Documents/Rhino_Control/dm_gripper_ros2/install/dm_gripper_core/share/dm_gripper_core/cmake/ament_cmake_export_targets-extras.cmake
[1.343s] -- Installing: /home/franka/Documents/Rhino_Control/dm_gripper_ros2/install/dm_gripper_core/share/dm_gripper_core/cmake/ament_cmake_export_include_directories-extras.cmake
[1.343s] -- Installing: /home/franka/Documents/Rhino_Control/dm_gripper_ros2/install/dm_gripper_core/share/dm_gripper_core/cmake/ament_cmake_export_libraries-extras.cmake
[1.343s] -- Installing: /home/franka/Documents/Rhino_Control/dm_gripper_ros2/install/dm_gripper_core/share/dm_gripper_core/cmake/ament_cmake_export_dependencies-extras.cmake
[1.343s] -- Installing: /home/franka/Documents/Rhino_Control/dm_gripper_ros2/install/dm_gripper_core/share/dm_gripper_core/cmake/dm_gripper_coreConfig.cmake
[1.344s] -- Installing: /home/franka/Documents/Rhino_Control/dm_gripper_ros2/install/dm_gripper_core/share/dm_gripper_core/cmake/dm_gripper_coreConfig-version.cmake
[1.344s] -- Installing: /home/franka/Documents/Rhino_Control/dm_gripper_ros2/install/dm_gripper_core/share/dm_gripper_core/package.xml
[1.345s] Invoked command in '/home/franka/Documents/Rhino_Control/dm_gripper_ros2/build/dm_gripper_core' returned '0': CONDA_ENV_SHLVL_2_PIXI_PROMPT=(Rhino_Control) CONDA_ENV_SHLVL_3_PIXI_PROMPT=(Rhino_Control) CONDA_ENV_SHLVL_4_PIXI_PROMPT=(Rhino_Control) DEBUGINFOD_URLS=https://debuginfod.ubuntu.com PIXI_PROMPT=(Rhino_Control) PS1=(Rhino_Control) \[\e]0;\u@\h: \w\a\]${debian_chroot:+($debian_chroot)}\[\033[01;32m\]\u@\h\[\033[00m\]:\[\033[01;34m\]\w\[\033[00m\]\$ /home/franka/Documents/Rhino_Control/.pixi/envs/default/bin/cmake --install /home/franka/Documents/Rhino_Control/dm_gripper_ros2/build/dm_gripper_core
