[0.910s] DEBUG:colcon:Command line arguments: ['/usr/bin/colcon', 'build', '--packages-select', 'dm_motor_driver']
[0.910s] DEBUG:colcon:Parsed command line arguments: Namespace(log_base=None, log_level=None, verb_name='build', build_base='build', install_base='install', merge_install=False, symlink_install=False, test_result_base=None, continue_on_error=False, executor='parallel', parallel_workers=17, event_handlers=None, ignore_user_meta=False, metas=['./colcon.meta'], base_paths=['.'], packages_ignore=None, packages_ignore_regex=None, paths=None, packages_up_to=None, packages_up_to_regex=None, packages_above=None, packages_above_and_dependencies=None, packages_above_depth=None, packages_select_by_dep=None, packages_skip_by_dep=None, packages_skip_up_to=None, packages_select_build_failed=False, packages_skip_build_finished=False, packages_select_test_failures=False, packages_skip_test_passed=False, packages_select=['dm_motor_driver'], packages_skip=None, packages_select_regex=None, packages_skip_regex=None, packages_start=None, packages_end=None, cmake_args=None, cmake_target=None, cmake_target_skip_unavailable=False, cmake_clean_cache=False, cmake_clean_first=False, cmake_force_configure=False, ament_cmake_args=None, catkin_cmake_args=None, catkin_skip_building_tests=False, verb_parser=<colcon_defaults.argument_parser.defaults.DefaultArgumentsDecorator object at 0x75dbb9479220>, verb_extension=<colcon_core.verb.build.BuildVerb object at 0x75dbb9479130>, main=<bound method BuildVerb.main of <colcon_core.verb.build.BuildVerb object at 0x75dbb9479130>>)
[0.967s] Level 1:colcon.colcon_core.package_discovery:discover_packages(colcon_meta) check parameters
[0.967s] Level 1:colcon.colcon_core.package_discovery:discover_packages(recursive) check parameters
[0.967s] Level 1:colcon.colcon_core.package_discovery:discover_packages(ignore) check parameters
[0.967s] Level 1:colcon.colcon_core.package_discovery:discover_packages(path) check parameters
[0.967s] Level 1:colcon.colcon_core.package_discovery:discover_packages(colcon_meta) discover
[0.967s] Level 1:colcon.colcon_core.package_discovery:discover_packages(recursive) discover
[0.967s] INFO:colcon.colcon_core.package_discovery:Crawling recursively for packages in '/home/franka/Documents/Rhino_Control/dm_gripper_ros2'
[0.968s] Level 1:colcon.colcon_core.package_identification:_identify(.) by extensions ['ignore', 'ignore_ament_install']
[0.968s] Level 1:colcon.colcon_core.package_identification:_identify(.) by extension 'ignore'
[0.968s] Level 1:colcon.colcon_core.package_identification:_identify(.) by extension 'ignore_ament_install'
[0.968s] Level 1:colcon.colcon_core.package_identification:_identify(.) by extensions ['colcon_pkg']
[0.968s] Level 1:colcon.colcon_core.package_identification:_identify(.) by extension 'colcon_pkg'
[0.968s] Level 1:colcon.colcon_core.package_identification:_identify(.) by extensions ['colcon_meta']
[0.968s] Level 1:colcon.colcon_core.package_identification:_identify(.) by extension 'colcon_meta'
[0.968s] Level 1:colcon.colcon_core.package_identification:_identify(.) by extensions ['ros']
[0.968s] Level 1:colcon.colcon_core.package_identification:_identify(.) by extension 'ros'
[0.990s] Level 1:colcon.colcon_core.package_identification:_identify(.) by extensions ['cmake', 'python']
[0.991s] Level 1:colcon.colcon_core.package_identification:_identify(.) by extension 'cmake'
[0.991s] Level 1:colcon.colcon_core.package_identification:_identify(.) by extension 'python'
[0.991s] Level 1:colcon.colcon_core.package_identification:_identify(.) by extensions ['python_setup_py']
[0.991s] Level 1:colcon.colcon_core.package_identification:_identify(.) by extension 'python_setup_py'
[0.991s] Level 1:colcon.colcon_core.package_identification:_identify(build) by extensions ['ignore', 'ignore_ament_install']
[0.991s] Level 1:colcon.colcon_core.package_identification:_identify(build) by extension 'ignore'
[0.991s] Level 1:colcon.colcon_core.package_identification:_identify(build) ignored
[0.991s] Level 1:colcon.colcon_core.package_identification:_identify(dm_gripper_action_server) by extensions ['ignore', 'ignore_ament_install']
[0.991s] Level 1:colcon.colcon_core.package_identification:_identify(dm_gripper_action_server) by extension 'ignore'
[0.991s] Level 1:colcon.colcon_core.package_identification:_identify(dm_gripper_action_server) by extension 'ignore_ament_install'
[0.991s] Level 1:colcon.colcon_core.package_identification:_identify(dm_gripper_action_server) by extensions ['colcon_pkg']
[0.991s] Level 1:colcon.colcon_core.package_identification:_identify(dm_gripper_action_server) by extension 'colcon_pkg'
[0.991s] Level 1:colcon.colcon_core.package_identification:_identify(dm_gripper_action_server) by extensions ['colcon_meta']
[0.991s] Level 1:colcon.colcon_core.package_identification:_identify(dm_gripper_action_server) by extension 'colcon_meta'
[0.991s] Level 1:colcon.colcon_core.package_identification:_identify(dm_gripper_action_server) by extensions ['ros']
[0.991s] Level 1:colcon.colcon_core.package_identification:_identify(dm_gripper_action_server) by extension 'ros'
[0.993s] DEBUG:colcon.colcon_core.package_identification:Package 'dm_gripper_action_server' with type 'ros.ament_cmake' and name 'dm_gripper_action_server'
[0.993s] Level 1:colcon.colcon_core.package_identification:_identify(dm_gripper_bringup) by extensions ['ignore', 'ignore_ament_install']
[0.993s] Level 1:colcon.colcon_core.package_identification:_identify(dm_gripper_bringup) by extension 'ignore'
[0.993s] Level 1:colcon.colcon_core.package_identification:_identify(dm_gripper_bringup) by extension 'ignore_ament_install'
[0.993s] Level 1:colcon.colcon_core.package_identification:_identify(dm_gripper_bringup) by extensions ['colcon_pkg']
[0.993s] Level 1:colcon.colcon_core.package_identification:_identify(dm_gripper_bringup) by extension 'colcon_pkg'
[0.993s] Level 1:colcon.colcon_core.package_identification:_identify(dm_gripper_bringup) by extensions ['colcon_meta']
[0.993s] Level 1:colcon.colcon_core.package_identification:_identify(dm_gripper_bringup) by extension 'colcon_meta'
[0.993s] Level 1:colcon.colcon_core.package_identification:_identify(dm_gripper_bringup) by extensions ['ros']
[0.993s] Level 1:colcon.colcon_core.package_identification:_identify(dm_gripper_bringup) by extension 'ros'
[0.994s] DEBUG:colcon.colcon_core.package_identification:Package 'dm_gripper_bringup' with type 'ros.ament_cmake' and name 'dm_gripper_bringup'
[0.994s] Level 1:colcon.colcon_core.package_identification:_identify(dm_gripper_core) by extensions ['ignore', 'ignore_ament_install']
[0.994s] Level 1:colcon.colcon_core.package_identification:_identify(dm_gripper_core) by extension 'ignore'
[0.994s] Level 1:colcon.colcon_core.package_identification:_identify(dm_gripper_core) by extension 'ignore_ament_install'
[0.994s] Level 1:colcon.colcon_core.package_identification:_identify(dm_gripper_core) by extensions ['colcon_pkg']
[0.994s] Level 1:colcon.colcon_core.package_identification:_identify(dm_gripper_core) by extension 'colcon_pkg'
[0.994s] Level 1:colcon.colcon_core.package_identification:_identify(dm_gripper_core) by extensions ['colcon_meta']
[0.994s] Level 1:colcon.colcon_core.package_identification:_identify(dm_gripper_core) by extension 'colcon_meta'
[0.994s] Level 1:colcon.colcon_core.package_identification:_identify(dm_gripper_core) by extensions ['ros']
[0.994s] Level 1:colcon.colcon_core.package_identification:_identify(dm_gripper_core) by extension 'ros'
[0.994s] DEBUG:colcon.colcon_core.package_identification:Package 'dm_gripper_core' with type 'ros.ament_cmake' and name 'dm_gripper_core'
[0.995s] Level 1:colcon.colcon_core.package_identification:_identify(dm_gripper_hardware) by extensions ['ignore', 'ignore_ament_install']
[0.995s] Level 1:colcon.colcon_core.package_identification:_identify(dm_gripper_hardware) by extension 'ignore'
[0.995s] Level 1:colcon.colcon_core.package_identification:_identify(dm_gripper_hardware) by extension 'ignore_ament_install'
[0.995s] Level 1:colcon.colcon_core.package_identification:_identify(dm_gripper_hardware) by extensions ['colcon_pkg']
[0.995s] Level 1:colcon.colcon_core.package_identification:_identify(dm_gripper_hardware) by extension 'colcon_pkg'
[0.995s] Level 1:colcon.colcon_core.package_identification:_identify(dm_gripper_hardware) by extensions ['colcon_meta']
[0.995s] Level 1:colcon.colcon_core.package_identification:_identify(dm_gripper_hardware) by extension 'colcon_meta'
[0.995s] Level 1:colcon.colcon_core.package_identification:_identify(dm_gripper_hardware) by extensions ['ros']
[0.995s] Level 1:colcon.colcon_core.package_identification:_identify(dm_gripper_hardware) by extension 'ros'
[0.995s] DEBUG:colcon.colcon_core.package_identification:Package 'dm_gripper_hardware' with type 'ros.ament_cmake' and name 'dm_gripper_hardware'
[0.995s] Level 1:colcon.colcon_core.package_identification:_identify(dm_motor_driver) by extensions ['ignore', 'ignore_ament_install']
[0.995s] Level 1:colcon.colcon_core.package_identification:_identify(dm_motor_driver) by extension 'ignore'
[0.995s] Level 1:colcon.colcon_core.package_identification:_identify(dm_motor_driver) by extension 'ignore_ament_install'
[0.996s] Level 1:colcon.colcon_core.package_identification:_identify(dm_motor_driver) by extensions ['colcon_pkg']
[0.996s] Level 1:colcon.colcon_core.package_identification:_identify(dm_motor_driver) by extension 'colcon_pkg'
[0.996s] Level 1:colcon.colcon_core.package_identification:_identify(dm_motor_driver) by extensions ['colcon_meta']
[0.996s] Level 1:colcon.colcon_core.package_identification:_identify(dm_motor_driver) by extension 'colcon_meta'
[0.996s] Level 1:colcon.colcon_core.package_identification:_identify(dm_motor_driver) by extensions ['ros']
[0.996s] Level 1:colcon.colcon_core.package_identification:_identify(dm_motor_driver) by extension 'ros'
[0.996s] DEBUG:colcon.colcon_core.package_identification:Package 'dm_motor_driver' with type 'ros.ament_cmake' and name 'dm_motor_driver'
[0.996s] Level 1:colcon.colcon_core.package_identification:_identify(docs) by extensions ['ignore', 'ignore_ament_install']
[0.996s] Level 1:colcon.colcon_core.package_identification:_identify(docs) by extension 'ignore'
[0.996s] Level 1:colcon.colcon_core.package_identification:_identify(docs) by extension 'ignore_ament_install'
[0.996s] Level 1:colcon.colcon_core.package_identification:_identify(docs) by extensions ['colcon_pkg']
[0.996s] Level 1:colcon.colcon_core.package_identification:_identify(docs) by extension 'colcon_pkg'
[0.996s] Level 1:colcon.colcon_core.package_identification:_identify(docs) by extensions ['colcon_meta']
[0.996s] Level 1:colcon.colcon_core.package_identification:_identify(docs) by extension 'colcon_meta'
[0.996s] Level 1:colcon.colcon_core.package_identification:_identify(docs) by extensions ['ros']
[0.996s] Level 1:colcon.colcon_core.package_identification:_identify(docs) by extension 'ros'
[0.996s] Level 1:colcon.colcon_core.package_identification:_identify(docs) by extensions ['cmake', 'python']
[0.996s] Level 1:colcon.colcon_core.package_identification:_identify(docs) by extension 'cmake'
[0.996s] Level 1:colcon.colcon_core.package_identification:_identify(docs) by extension 'python'
[0.996s] Level 1:colcon.colcon_core.package_identification:_identify(docs) by extensions ['python_setup_py']
[0.996s] Level 1:colcon.colcon_core.package_identification:_identify(docs) by extension 'python_setup_py'
[0.996s] Level 1:colcon.colcon_core.package_identification:_identify(docs/experiments) by extensions ['ignore', 'ignore_ament_install']
[0.997s] Level 1:colcon.colcon_core.package_identification:_identify(docs/experiments) by extension 'ignore'
[0.997s] Level 1:colcon.colcon_core.package_identification:_identify(docs/experiments) by extension 'ignore_ament_install'
[0.997s] Level 1:colcon.colcon_core.package_identification:_identify(docs/experiments) by extensions ['colcon_pkg']
[0.997s] Level 1:colcon.colcon_core.package_identification:_identify(docs/experiments) by extension 'colcon_pkg'
[0.997s] Level 1:colcon.colcon_core.package_identification:_identify(docs/experiments) by extensions ['colcon_meta']
[0.997s] Level 1:colcon.colcon_core.package_identification:_identify(docs/experiments) by extension 'colcon_meta'
[0.997s] Level 1:colcon.colcon_core.package_identification:_identify(docs/experiments) by extensions ['ros']
[0.997s] Level 1:colcon.colcon_core.package_identification:_identify(docs/experiments) by extension 'ros'
[0.997s] Level 1:colcon.colcon_core.package_identification:_identify(docs/experiments) by extensions ['cmake', 'python']
[0.997s] Level 1:colcon.colcon_core.package_identification:_identify(docs/experiments) by extension 'cmake'
[0.997s] Level 1:colcon.colcon_core.package_identification:_identify(docs/experiments) by extension 'python'
[0.997s] Level 1:colcon.colcon_core.package_identification:_identify(docs/experiments) by extensions ['python_setup_py']
[0.997s] Level 1:colcon.colcon_core.package_identification:_identify(docs/experiments) by extension 'python_setup_py'
[0.997s] Level 1:colcon.colcon_core.package_identification:_identify(docs/superpowers) by extensions ['ignore', 'ignore_ament_install']
[0.997s] Level 1:colcon.colcon_core.package_identification:_identify(docs/superpowers) by extension 'ignore'
[0.997s] Level 1:colcon.colcon_core.package_identification:_identify(docs/superpowers) by extension 'ignore_ament_install'
[0.997s] Level 1:colcon.colcon_core.package_identification:_identify(docs/superpowers) by extensions ['colcon_pkg']
[0.997s] Level 1:colcon.colcon_core.package_identification:_identify(docs/superpowers) by extension 'colcon_pkg'
[0.997s] Level 1:colcon.colcon_core.package_identification:_identify(docs/superpowers) by extensions ['colcon_meta']
[0.997s] Level 1:colcon.colcon_core.package_identification:_identify(docs/superpowers) by extension 'colcon_meta'
[0.997s] Level 1:colcon.colcon_core.package_identification:_identify(docs/superpowers) by extensions ['ros']
[0.997s] Level 1:colcon.colcon_core.package_identification:_identify(docs/superpowers) by extension 'ros'
[0.997s] Level 1:colcon.colcon_core.package_identification:_identify(docs/superpowers) by extensions ['cmake', 'python']
[0.997s] Level 1:colcon.colcon_core.package_identification:_identify(docs/superpowers) by extension 'cmake'
[0.997s] Level 1:colcon.colcon_core.package_identification:_identify(docs/superpowers) by extension 'python'
[0.997s] Level 1:colcon.colcon_core.package_identification:_identify(docs/superpowers) by extensions ['python_setup_py']
[0.997s] Level 1:colcon.colcon_core.package_identification:_identify(docs/superpowers) by extension 'python_setup_py'
[0.997s] Level 1:colcon.colcon_core.package_identification:_identify(docs/superpowers/plans) by extensions ['ignore', 'ignore_ament_install']
[0.998s] Level 1:colcon.colcon_core.package_identification:_identify(docs/superpowers/plans) by extension 'ignore'
[0.998s] Level 1:colcon.colcon_core.package_identification:_identify(docs/superpowers/plans) by extension 'ignore_ament_install'
[0.998s] Level 1:colcon.colcon_core.package_identification:_identify(docs/superpowers/plans) by extensions ['colcon_pkg']
[0.998s] Level 1:colcon.colcon_core.package_identification:_identify(docs/superpowers/plans) by extension 'colcon_pkg'
[0.998s] Level 1:colcon.colcon_core.package_identification:_identify(docs/superpowers/plans) by extensions ['colcon_meta']
[0.998s] Level 1:colcon.colcon_core.package_identification:_identify(docs/superpowers/plans) by extension 'colcon_meta'
[0.998s] Level 1:colcon.colcon_core.package_identification:_identify(docs/superpowers/plans) by extensions ['ros']
[0.998s] Level 1:colcon.colcon_core.package_identification:_identify(docs/superpowers/plans) by extension 'ros'
[0.998s] Level 1:colcon.colcon_core.package_identification:_identify(docs/superpowers/plans) by extensions ['cmake', 'python']
[0.998s] Level 1:colcon.colcon_core.package_identification:_identify(docs/superpowers/plans) by extension 'cmake'
[0.998s] Level 1:colcon.colcon_core.package_identification:_identify(docs/superpowers/plans) by extension 'python'
[0.998s] Level 1:colcon.colcon_core.package_identification:_identify(docs/superpowers/plans) by extensions ['python_setup_py']
[0.998s] Level 1:colcon.colcon_core.package_identification:_identify(docs/superpowers/plans) by extension 'python_setup_py'
[0.998s] Level 1:colcon.colcon_core.package_identification:_identify(install) by extensions ['ignore', 'ignore_ament_install']
[0.998s] Level 1:colcon.colcon_core.package_identification:_identify(install) by extension 'ignore'
[0.998s] Level 1:colcon.colcon_core.package_identification:_identify(install) ignored
[0.998s] Level 1:colcon.colcon_core.package_identification:_identify(log) by extensions ['ignore', 'ignore_ament_install']
[0.998s] Level 1:colcon.colcon_core.package_identification:_identify(log) by extension 'ignore'
[0.998s] Level 1:colcon.colcon_core.package_identification:_identify(log) ignored
[0.998s] Level 1:colcon.colcon_core.package_discovery:discover_packages(recursive) using defaults
[0.998s] Level 1:colcon.colcon_core.package_discovery:discover_packages(ignore) discover
[0.998s] Level 1:colcon.colcon_core.package_discovery:discover_packages(ignore) using defaults
[0.998s] Level 1:colcon.colcon_core.package_discovery:discover_packages(path) discover
[0.998s] Level 1:colcon.colcon_core.package_discovery:discover_packages(path) using defaults
[1.058s] INFO:colcon.colcon_core.package_selection:Skipping not selected package 'dm_gripper_core' in 'dm_gripper_core'
[1.058s] INFO:colcon.colcon_core.package_selection:Skipping not selected package 'dm_gripper_action_server' in 'dm_gripper_action_server'
[1.058s] INFO:colcon.colcon_core.package_selection:Skipping not selected package 'dm_gripper_hardware' in 'dm_gripper_hardware'
[1.058s] INFO:colcon.colcon_core.package_selection:Skipping not selected package 'dm_gripper_bringup' in 'dm_gripper_bringup'
[1.073s] Level 5:colcon.colcon_core.verb:set package 'dm_motor_driver' build argument 'cmake_args' from command line to 'None'
[1.073s] Level 5:colcon.colcon_core.verb:set package 'dm_motor_driver' build argument 'cmake_target' from command line to 'None'
[1.073s] Level 5:colcon.colcon_core.verb:set package 'dm_motor_driver' build argument 'cmake_target_skip_unavailable' from command line to 'False'
[1.073s] Level 5:colcon.colcon_core.verb:set package 'dm_motor_driver' build argument 'cmake_clean_cache' from command line to 'False'
[1.073s] Level 5:colcon.colcon_core.verb:set package 'dm_motor_driver' build argument 'cmake_clean_first' from command line to 'False'
[1.073s] Level 5:colcon.colcon_core.verb:set package 'dm_motor_driver' build argument 'cmake_force_configure' from command line to 'False'
[1.073s] Level 5:colcon.colcon_core.verb:set package 'dm_motor_driver' build argument 'ament_cmake_args' from command line to 'None'
[1.073s] Level 5:colcon.colcon_core.verb:set package 'dm_motor_driver' build argument 'catkin_cmake_args' from command line to 'None'
[1.073s] Level 5:colcon.colcon_core.verb:set package 'dm_motor_driver' build argument 'catkin_skip_building_tests' from command line to 'False'
[1.074s] DEBUG:colcon.colcon_core.verb:Building package 'dm_motor_driver' with the following arguments: {'ament_cmake_args': None, 'build_base': '/home/franka/Documents/Rhino_Control/dm_gripper_ros2/build/dm_motor_driver', 'catkin_cmake_args': None, 'catkin_skip_building_tests': False, 'cmake_args': None, 'cmake_clean_cache': False, 'cmake_clean_first': False, 'cmake_force_configure': False, 'cmake_target': None, 'cmake_target_skip_unavailable': False, 'install_base': '/home/franka/Documents/Rhino_Control/dm_gripper_ros2/install/dm_motor_driver', 'merge_install': False, 'path': '/home/franka/Documents/Rhino_Control/dm_gripper_ros2/dm_motor_driver', 'symlink_install': False, 'test_result_base': None}
[1.089s] INFO:colcon.colcon_core.executor:Executing jobs using 'parallel' executor
[1.104s] DEBUG:colcon.colcon_parallel_executor.executor.parallel:run_until_complete
[1.105s] INFO:colcon.colcon_ros.task.ament_cmake.build:Building ROS package in '/home/franka/Documents/Rhino_Control/dm_gripper_ros2/dm_motor_driver' with build type 'ament_cmake'
[1.105s] INFO:colcon.colcon_cmake.task.cmake.build:Building CMake package in '/home/franka/Documents/Rhino_Control/dm_gripper_ros2/dm_motor_driver'
[1.122s] INFO:colcon.colcon_core.plugin_system:Skipping extension 'colcon_core.shell.bat': Not used on non-Windows systems
[1.122s] DEBUG:colcon.colcon_core.shell:Skip shell extension 'dsv' for command environment
[1.176s] DEBUG:colcon.colcon_core.event_handler.log_command:Invoking command in '/home/franka/Documents/Rhino_Control/dm_gripper_ros2/build/dm_motor_driver': CONDA_ENV_SHLVL_2_PIXI_PROMPT=(Rhino_Control) CONDA_ENV_SHLVL_3_PIXI_PROMPT=(Rhino_Control) CONDA_ENV_SHLVL_4_PIXI_PROMPT=(Rhino_Control) DEBUGINFOD_URLS=https://debuginfod.ubuntu.com PIXI_PROMPT=(Rhino_Control) PS1=(Rhino_Control) \[\e]0;\u@\h: \w\a\]${debian_chroot:+($debian_chroot)}\[\033[01;32m\]\u@\h\[\033[00m\]:\[\033[01;34m\]\w\[\033[00m\]\$ /home/franka/Documents/Rhino_Control/.pixi/envs/default/bin/cmake /home/franka/Documents/Rhino_Control/dm_gripper_ros2/dm_motor_driver -DCMAKE_INSTALL_PREFIX=/home/franka/Documents/Rhino_Control/dm_gripper_ros2/install/dm_motor_driver
[1.920s] DEBUG:colcon.colcon_core.event_handler.log_command:Invoked command in '/home/franka/Documents/Rhino_Control/dm_gripper_ros2/build/dm_motor_driver' returned '0': CONDA_ENV_SHLVL_2_PIXI_PROMPT=(Rhino_Control) CONDA_ENV_SHLVL_3_PIXI_PROMPT=(Rhino_Control) CONDA_ENV_SHLVL_4_PIXI_PROMPT=(Rhino_Control) DEBUGINFOD_URLS=https://debuginfod.ubuntu.com PIXI_PROMPT=(Rhino_Control) PS1=(Rhino_Control) \[\e]0;\u@\h: \w\a\]${debian_chroot:+($debian_chroot)}\[\033[01;32m\]\u@\h\[\033[00m\]:\[\033[01;34m\]\w\[\033[00m\]\$ /home/franka/Documents/Rhino_Control/.pixi/envs/default/bin/cmake /home/franka/Documents/Rhino_Control/dm_gripper_ros2/dm_motor_driver -DCMAKE_INSTALL_PREFIX=/home/franka/Documents/Rhino_Control/dm_gripper_ros2/install/dm_motor_driver
[1.921s] DEBUG:colcon.colcon_core.event_handler.log_command:Invoking command in '/home/franka/Documents/Rhino_Control/dm_gripper_ros2/build/dm_motor_driver': CONDA_ENV_SHLVL_2_PIXI_PROMPT=(Rhino_Control) CONDA_ENV_SHLVL_3_PIXI_PROMPT=(Rhino_Control) CONDA_ENV_SHLVL_4_PIXI_PROMPT=(Rhino_Control) DEBUGINFOD_URLS=https://debuginfod.ubuntu.com PIXI_PROMPT=(Rhino_Control) PS1=(Rhino_Control) \[\e]0;\u@\h: \w\a\]${debian_chroot:+($debian_chroot)}\[\033[01;32m\]\u@\h\[\033[00m\]:\[\033[01;34m\]\w\[\033[00m\]\$ /home/franka/Documents/Rhino_Control/.pixi/envs/default/bin/cmake --build /home/franka/Documents/Rhino_Control/dm_gripper_ros2/build/dm_motor_driver -- -j17 -l17
[11.341s] DEBUG:colcon.colcon_core.event_handler.log_command:Invoked command in '/home/franka/Documents/Rhino_Control/dm_gripper_ros2/build/dm_motor_driver' returned '0': CONDA_ENV_SHLVL_2_PIXI_PROMPT=(Rhino_Control) CONDA_ENV_SHLVL_3_PIXI_PROMPT=(Rhino_Control) CONDA_ENV_SHLVL_4_PIXI_PROMPT=(Rhino_Control) DEBUGINFOD_URLS=https://debuginfod.ubuntu.com PIXI_PROMPT=(Rhino_Control) PS1=(Rhino_Control) \[\e]0;\u@\h: \w\a\]${debian_chroot:+($debian_chroot)}\[\033[01;32m\]\u@\h\[\033[00m\]:\[\033[01;34m\]\w\[\033[00m\]\$ /home/franka/Documents/Rhino_Control/.pixi/envs/default/bin/cmake --build /home/franka/Documents/Rhino_Control/dm_gripper_ros2/build/dm_motor_driver -- -j17 -l17
[11.372s] DEBUG:colcon.colcon_core.event_handler.log_command:Invoking command in '/home/franka/Documents/Rhino_Control/dm_gripper_ros2/build/dm_motor_driver': CONDA_ENV_SHLVL_2_PIXI_PROMPT=(Rhino_Control) CONDA_ENV_SHLVL_3_PIXI_PROMPT=(Rhino_Control) CONDA_ENV_SHLVL_4_PIXI_PROMPT=(Rhino_Control) DEBUGINFOD_URLS=https://debuginfod.ubuntu.com PIXI_PROMPT=(Rhino_Control) PS1=(Rhino_Control) \[\e]0;\u@\h: \w\a\]${debian_chroot:+($debian_chroot)}\[\033[01;32m\]\u@\h\[\033[00m\]:\[\033[01;34m\]\w\[\033[00m\]\$ /home/franka/Documents/Rhino_Control/.pixi/envs/default/bin/cmake --install /home/franka/Documents/Rhino_Control/dm_gripper_ros2/build/dm_motor_driver
[11.380s] Level 1:colcon.colcon_core.environment:create_environment_scripts_only(dm_motor_driver)
[11.380s] DEBUG:colcon.colcon_core.event_handler.log_command:Invoked command in '/home/franka/Documents/Rhino_Control/dm_gripper_ros2/build/dm_motor_driver' returned '0': CONDA_ENV_SHLVL_2_PIXI_PROMPT=(Rhino_Control) CONDA_ENV_SHLVL_3_PIXI_PROMPT=(Rhino_Control) CONDA_ENV_SHLVL_4_PIXI_PROMPT=(Rhino_Control) DEBUGINFOD_URLS=https://debuginfod.ubuntu.com PIXI_PROMPT=(Rhino_Control) PS1=(Rhino_Control) \[\e]0;\u@\h: \w\a\]${debian_chroot:+($debian_chroot)}\[\033[01;32m\]\u@\h\[\033[00m\]:\[\033[01;34m\]\w\[\033[00m\]\$ /home/franka/Documents/Rhino_Control/.pixi/envs/default/bin/cmake --install /home/franka/Documents/Rhino_Control/dm_gripper_ros2/build/dm_motor_driver
[11.390s] Level 1:colcon.colcon_core.environment:checking '/home/franka/Documents/Rhino_Control/dm_gripper_ros2/install/dm_motor_driver' for CMake module files
[11.390s] Level 1:colcon.colcon_core.environment:checking '/home/franka/Documents/Rhino_Control/dm_gripper_ros2/install/dm_motor_driver' for CMake config files
[11.390s] Level 1:colcon.colcon_core.shell:create_environment_hook('dm_motor_driver', 'cmake_prefix_path')
[11.398s] INFO:colcon.colcon_core.shell:Creating environment descriptor '/home/franka/Documents/Rhino_Control/dm_gripper_ros2/install/dm_motor_driver/share/dm_motor_driver/hook/cmake_prefix_path.dsv'
[11.398s] INFO:colcon.colcon_core.shell:Creating environment hook '/home/franka/Documents/Rhino_Control/dm_gripper_ros2/install/dm_motor_driver/share/dm_motor_driver/hook/cmake_prefix_path.sh'
[11.399s] Level 1:colcon.colcon_core.environment:checking '/home/franka/Documents/Rhino_Control/dm_gripper_ros2/install/dm_motor_driver/lib'
[11.399s] Level 1:colcon.colcon_core.shell:create_environment_hook('dm_motor_driver', 'ld_library_path_lib')
[11.407s] INFO:colcon.colcon_core.shell:Creating environment descriptor '/home/franka/Documents/Rhino_Control/dm_gripper_ros2/install/dm_motor_driver/share/dm_motor_driver/hook/ld_library_path_lib.dsv'
[11.407s] INFO:colcon.colcon_core.shell:Creating environment hook '/home/franka/Documents/Rhino_Control/dm_gripper_ros2/install/dm_motor_driver/share/dm_motor_driver/hook/ld_library_path_lib.sh'
[11.407s] Level 1:colcon.colcon_core.environment:checking '/home/franka/Documents/Rhino_Control/dm_gripper_ros2/install/dm_motor_driver/bin'
[11.407s] Level 1:colcon.colcon_core.environment:checking '/home/franka/Documents/Rhino_Control/dm_gripper_ros2/install/dm_motor_driver/lib/pkgconfig/dm_motor_driver.pc'
[11.408s] Level 1:colcon.colcon_core.environment:checking '/home/franka/Documents/Rhino_Control/dm_gripper_ros2/install/dm_motor_driver/lib/python3.12/site-packages'
[11.408s] Level 1:colcon.colcon_core.environment:checking '/home/franka/Documents/Rhino_Control/dm_gripper_ros2/install/dm_motor_driver/bin'
[11.416s] INFO:colcon.colcon_core.shell:Creating package descriptor '/home/franka/Documents/Rhino_Control/dm_gripper_ros2/install/dm_motor_driver/share/dm_motor_driver/package.dsv'
[11.416s] INFO:colcon.colcon_core.shell:Creating package script '/home/franka/Documents/Rhino_Control/dm_gripper_ros2/install/dm_motor_driver/share/dm_motor_driver/package.sh'
[11.416s] INFO:colcon.colcon_core.shell:Creating package script '/home/franka/Documents/Rhino_Control/dm_gripper_ros2/install/dm_motor_driver/share/dm_motor_driver/package.bash'
[11.416s] INFO:colcon.colcon_core.shell:Creating package script '/home/franka/Documents/Rhino_Control/dm_gripper_ros2/install/dm_motor_driver/share/dm_motor_driver/package.zsh'
[11.417s] Level 1:colcon.colcon_core.environment:create_file_with_runtime_dependencies(/home/franka/Documents/Rhino_Control/dm_gripper_ros2/install/dm_motor_driver/share/colcon-core/packages/dm_motor_driver)
[11.460s] Level 1:colcon.colcon_core.environment:create_environment_scripts_only(dm_motor_driver)
[11.476s] Level 1:colcon.colcon_core.environment:checking '/home/franka/Documents/Rhino_Control/dm_gripper_ros2/install/dm_motor_driver' for CMake module files
[11.476s] Level 1:colcon.colcon_core.environment:checking '/home/franka/Documents/Rhino_Control/dm_gripper_ros2/install/dm_motor_driver' for CMake config files
[11.476s] Level 1:colcon.colcon_core.shell:create_environment_hook('dm_motor_driver', 'cmake_prefix_path')
[11.492s] INFO:colcon.colcon_core.shell:Creating environment descriptor '/home/franka/Documents/Rhino_Control/dm_gripper_ros2/install/dm_motor_driver/share/dm_motor_driver/hook/cmake_prefix_path.dsv'
[11.492s] INFO:colcon.colcon_core.shell:Creating environment hook '/home/franka/Documents/Rhino_Control/dm_gripper_ros2/install/dm_motor_driver/share/dm_motor_driver/hook/cmake_prefix_path.sh'
[11.493s] Level 1:colcon.colcon_core.environment:checking '/home/franka/Documents/Rhino_Control/dm_gripper_ros2/install/dm_motor_driver/lib'
[11.493s] Level 1:colcon.colcon_core.shell:create_environment_hook('dm_motor_driver', 'ld_library_path_lib')
[11.508s] INFO:colcon.colcon_core.shell:Creating environment descriptor '/home/franka/Documents/Rhino_Control/dm_gripper_ros2/install/dm_motor_driver/share/dm_motor_driver/hook/ld_library_path_lib.dsv'
[11.508s] INFO:colcon.colcon_core.shell:Creating environment hook '/home/franka/Documents/Rhino_Control/dm_gripper_ros2/install/dm_motor_driver/share/dm_motor_driver/hook/ld_library_path_lib.sh'
[11.508s] Level 1:colcon.colcon_core.environment:checking '/home/franka/Documents/Rhino_Control/dm_gripper_ros2/install/dm_motor_driver/bin'
[11.508s] Level 1:colcon.colcon_core.environment:checking '/home/franka/Documents/Rhino_Control/dm_gripper_ros2/install/dm_motor_driver/lib/pkgconfig/dm_motor_driver.pc'
[11.509s] Level 1:colcon.colcon_core.environment:checking '/home/franka/Documents/Rhino_Control/dm_gripper_ros2/install/dm_motor_driver/lib/python3.12/site-packages'
[11.509s] Level 1:colcon.colcon_core.environment:checking '/home/franka/Documents/Rhino_Control/dm_gripper_ros2/install/dm_motor_driver/bin'
[11.524s] INFO:colcon.colcon_core.shell:Creating package descriptor '/home/franka/Documents/Rhino_Control/dm_gripper_ros2/install/dm_motor_driver/share/dm_motor_driver/package.dsv'
[11.525s] INFO:colcon.colcon_core.shell:Creating package script '/home/franka/Documents/Rhino_Control/dm_gripper_ros2/install/dm_motor_driver/share/dm_motor_driver/package.sh'
[11.525s] INFO:colcon.colcon_core.shell:Creating package script '/home/franka/Documents/Rhino_Control/dm_gripper_ros2/install/dm_motor_driver/share/dm_motor_driver/package.bash'
[11.525s] INFO:colcon.colcon_core.shell:Creating package script '/home/franka/Documents/Rhino_Control/dm_gripper_ros2/install/dm_motor_driver/share/dm_motor_driver/package.zsh'
[11.526s] Level 1:colcon.colcon_core.environment:create_file_with_runtime_dependencies(/home/franka/Documents/Rhino_Control/dm_gripper_ros2/install/dm_motor_driver/share/colcon-core/packages/dm_motor_driver)
[11.526s] DEBUG:colcon.colcon_parallel_executor.executor.parallel:closing loop
[11.526s] DEBUG:colcon.colcon_parallel_executor.executor.parallel:loop closed
[11.526s] DEBUG:colcon.colcon_parallel_executor.executor.parallel:run_until_complete finished with '0'
[11.526s] DEBUG:colcon.colcon_core.event_reactor:joining thread
[11.545s] INFO:colcon.colcon_core.plugin_system:Skipping extension 'colcon_notification.desktop_notification.terminal_notifier': Not used on non-Darwin systems
[11.545s] INFO:colcon.colcon_core.plugin_system:Skipping extension 'colcon_notification.desktop_notification.win32': Not used on non-Windows systems
[11.545s] INFO:colcon.colcon_notification.desktop_notification:Sending desktop notification using 'notify2'
[11.556s] DEBUG:colcon.colcon_core.event_reactor:joined thread
[11.572s] INFO:colcon.colcon_core.shell:Creating prefix script '/home/franka/Documents/Rhino_Control/dm_gripper_ros2/install/local_setup.sh'
[11.573s] INFO:colcon.colcon_core.shell:Creating prefix util module '/home/franka/Documents/Rhino_Control/dm_gripper_ros2/install/_local_setup_util_sh.py'
[11.573s] INFO:colcon.colcon_core.shell:Creating prefix chain script '/home/franka/Documents/Rhino_Control/dm_gripper_ros2/install/setup.sh'
[11.589s] INFO:colcon.colcon_core.shell:Creating prefix script '/home/franka/Documents/Rhino_Control/dm_gripper_ros2/install/local_setup.bash'
[11.590s] INFO:colcon.colcon_core.shell:Creating prefix chain script '/home/franka/Documents/Rhino_Control/dm_gripper_ros2/install/setup.bash'
[11.606s] INFO:colcon.colcon_core.shell:Creating prefix script '/home/franka/Documents/Rhino_Control/dm_gripper_ros2/install/local_setup.zsh'
[11.606s] INFO:colcon.colcon_core.shell:Creating prefix chain script '/home/franka/Documents/Rhino_Control/dm_gripper_ros2/install/setup.zsh'
